Archive member included to satisfy reference by file (symbol)

D:/ST/STM32CubeIDE_1.16.1/STM32CubeIDE/plugins/com.st.stm32cube.ide.mcu.externaltools.gnu-tools-for-stm32.12.3.rel1.win32_1.0.200.202406191623/tools/bin/../lib/gcc/arm-none-eabi/12.3.1/../../../../arm-none-eabi/lib/thumb/v7-m/nofp\libc_nano.a(libc_a-exit.o)
                              D:/ST/STM32CubeIDE_1.16.1/STM32CubeIDE/plugins/com.st.stm32cube.ide.mcu.externaltools.gnu-tools-for-stm32.12.3.rel1.win32_1.0.200.202406191623/tools/bin/../lib/gcc/arm-none-eabi/12.3.1/../../../../arm-none-eabi/lib/thumb/v7-m/nofp/crt0.o (exit)
D:/ST/STM32CubeIDE_1.16.1/STM32CubeIDE/plugins/com.st.stm32cube.ide.mcu.externaltools.gnu-tools-for-stm32.12.3.rel1.win32_1.0.200.202406191623/tools/bin/../lib/gcc/arm-none-eabi/12.3.1/../../../../arm-none-eabi/lib/thumb/v7-m/nofp\libc_nano.a(libc_a-findfp.o)
                              D:/ST/STM32CubeIDE_1.16.1/STM32CubeIDE/plugins/com.st.stm32cube.ide.mcu.externaltools.gnu-tools-for-stm32.12.3.rel1.win32_1.0.200.202406191623/tools/bin/../lib/gcc/arm-none-eabi/12.3.1/../../../../arm-none-eabi/lib/thumb/v7-m/nofp\libc_nano.a(libc_a-exit.o) (__stdio_exit_handler)
D:/ST/STM32CubeIDE_1.16.1/STM32CubeIDE/plugins/com.st.stm32cube.ide.mcu.externaltools.gnu-tools-for-stm32.12.3.rel1.win32_1.0.200.202406191623/tools/bin/../lib/gcc/arm-none-eabi/12.3.1/../../../../arm-none-eabi/lib/thumb/v7-m/nofp\libc_nano.a(libc_a-fwalk.o)
                              D:/ST/STM32CubeIDE_1.16.1/STM32CubeIDE/plugins/com.st.stm32cube.ide.mcu.externaltools.gnu-tools-for-stm32.12.3.rel1.win32_1.0.200.202406191623/tools/bin/../lib/gcc/arm-none-eabi/12.3.1/../../../../arm-none-eabi/lib/thumb/v7-m/nofp\libc_nano.a(libc_a-findfp.o) (_fwalk_sglue)
D:/ST/STM32CubeIDE_1.16.1/STM32CubeIDE/plugins/com.st.stm32cube.ide.mcu.externaltools.gnu-tools-for-stm32.12.3.rel1.win32_1.0.200.202406191623/tools/bin/../lib/gcc/arm-none-eabi/12.3.1/../../../../arm-none-eabi/lib/thumb/v7-m/nofp\libc_nano.a(libc_a-sprintf.o)
                              ./Core/Src/main.o (sprintf)
D:/ST/STM32CubeIDE_1.16.1/STM32CubeIDE/plugins/com.st.stm32cube.ide.mcu.externaltools.gnu-tools-for-stm32.12.3.rel1.win32_1.0.200.202406191623/tools/bin/../lib/gcc/arm-none-eabi/12.3.1/../../../../arm-none-eabi/lib/thumb/v7-m/nofp\libc_nano.a(libc_a-stdio.o)
                              D:/ST/STM32CubeIDE_1.16.1/STM32CubeIDE/plugins/com.st.stm32cube.ide.mcu.externaltools.gnu-tools-for-stm32.12.3.rel1.win32_1.0.200.202406191623/tools/bin/../lib/gcc/arm-none-eabi/12.3.1/../../../../arm-none-eabi/lib/thumb/v7-m/nofp\libc_nano.a(libc_a-findfp.o) (__sread)
D:/ST/STM32CubeIDE_1.16.1/STM32CubeIDE/plugins/com.st.stm32cube.ide.mcu.externaltools.gnu-tools-for-stm32.12.3.rel1.win32_1.0.200.202406191623/tools/bin/../lib/gcc/arm-none-eabi/12.3.1/../../../../arm-none-eabi/lib/thumb/v7-m/nofp\libc_nano.a(libc_a-memset.o)
                              D:/ST/STM32CubeIDE_1.16.1/STM32CubeIDE/plugins/com.st.stm32cube.ide.mcu.externaltools.gnu-tools-for-stm32.12.3.rel1.win32_1.0.200.202406191623/tools/bin/../lib/gcc/arm-none-eabi/12.3.1/../../../../arm-none-eabi/lib/thumb/v7-m/nofp/crt0.o (memset)
D:/ST/STM32CubeIDE_1.16.1/STM32CubeIDE/plugins/com.st.stm32cube.ide.mcu.externaltools.gnu-tools-for-stm32.12.3.rel1.win32_1.0.200.202406191623/tools/bin/../lib/gcc/arm-none-eabi/12.3.1/../../../../arm-none-eabi/lib/thumb/v7-m/nofp\libc_nano.a(libc_a-strncmp.o)
                              ./Core/Src/main.o (strncmp)
D:/ST/STM32CubeIDE_1.16.1/STM32CubeIDE/plugins/com.st.stm32cube.ide.mcu.externaltools.gnu-tools-for-stm32.12.3.rel1.win32_1.0.200.202406191623/tools/bin/../lib/gcc/arm-none-eabi/12.3.1/../../../../arm-none-eabi/lib/thumb/v7-m/nofp\libc_nano.a(libc_a-closer.o)
                              D:/ST/STM32CubeIDE_1.16.1/STM32CubeIDE/plugins/com.st.stm32cube.ide.mcu.externaltools.gnu-tools-for-stm32.12.3.rel1.win32_1.0.200.202406191623/tools/bin/../lib/gcc/arm-none-eabi/12.3.1/../../../../arm-none-eabi/lib/thumb/v7-m/nofp\libc_nano.a(libc_a-stdio.o) (_close_r)
D:/ST/STM32CubeIDE_1.16.1/STM32CubeIDE/plugins/com.st.stm32cube.ide.mcu.externaltools.gnu-tools-for-stm32.12.3.rel1.win32_1.0.200.202406191623/tools/bin/../lib/gcc/arm-none-eabi/12.3.1/../../../../arm-none-eabi/lib/thumb/v7-m/nofp\libc_nano.a(libc_a-reent.o)
                              D:/ST/STM32CubeIDE_1.16.1/STM32CubeIDE/plugins/com.st.stm32cube.ide.mcu.externaltools.gnu-tools-for-stm32.12.3.rel1.win32_1.0.200.202406191623/tools/bin/../lib/gcc/arm-none-eabi/12.3.1/../../../../arm-none-eabi/lib/thumb/v7-m/nofp\libc_nano.a(libc_a-closer.o) (errno)
D:/ST/STM32CubeIDE_1.16.1/STM32CubeIDE/plugins/com.st.stm32cube.ide.mcu.externaltools.gnu-tools-for-stm32.12.3.rel1.win32_1.0.200.202406191623/tools/bin/../lib/gcc/arm-none-eabi/12.3.1/../../../../arm-none-eabi/lib/thumb/v7-m/nofp\libc_nano.a(libc_a-impure.o)
[...]
Memory Configuration

Name             Origin             Length             Attributes
RAM              0x20000000         0x00005000         xrw
FLASH            0x08000000         0x00010000         xr
*default*        0x00000000         0xffffffff

Linker script and memory map

LOAD D:/ST/STM32CubeIDE_1.16.1/STM32CubeIDE/plugins/com.st.stm32cube.ide.mcu.externaltools.gnu-tools-for-stm32.12.3.rel1.win32_1.0.200.202406191623/tools/bin/../lib/gcc/arm-none-eabi/12.3.1/thumb/v7-m/nofp/crti.o
LOAD D:/ST/STM32CubeIDE_1.16.1/STM32CubeIDE/plugins/com.st.stm32cube.ide.mcu.externaltools.gnu-tools-for-stm32.12.3.rel1.win32_1.0.200.202406191623/tools/bin/../lib/gcc/arm-none-eabi/12.3.1/thumb/v7-m/nofp/crtbegin.o
LOAD D:/ST/STM32CubeIDE_1.16.1/STM32CubeIDE/plugins/com.st.stm32cube.ide.mcu.externaltools.gnu-tools-for-stm32.12.3.rel1.win32_1.0.200.202406191623/tools/bin/../lib/gcc/arm-none-eabi/12.3.1/../../../../arm-none-eabi/lib/thumb/v7-m/nofp/crt0.o
LOAD ./Core/Src/main.o
LOAD ./Core/Src/stm32f1xx_hal_msp.o
LOAD ./Core/Src/stm32f1xx_it.o
LOAD ./Core/Src/syscalls.o
LOAD ./Core/Src/sysmem.o
LOAD ./Core/Src/system_stm32f1xx.o
LOAD ./Core/Startup/startup_stm32f103c8tx.o
LOAD ./Drivers/STM32F1xx_HAL_Driver/Src/stm32f1xx_hal.o
LOAD ./Drivers/STM32F1xx_HAL_Driver/Src/stm32f1xx_hal_adc.o
LOAD ./Drivers/STM32F1xx_HAL_Driver/Src/stm32f1xx_hal_adc_ex.o
LOAD ./Drivers/STM32F1xx_HAL_Driver/Src/stm32f1xx_hal_cortex.o
LOAD ./Drivers/STM32F1xx_HAL_Driver/Src/stm32f1xx_hal_dma.o
LOAD ./Drivers/STM32F1xx_HAL_Driver/Src/stm32f1xx_hal_exti.o
LOAD ./Drivers/STM32F1xx_HAL_Driver/Src/stm32f1xx_hal_flash.o
LOAD ./Drivers/STM32F1xx_HAL_Driver/Src/stm32f1xx_hal_flash_ex.o
LOAD ./Drivers/STM32F1xx_HAL_Driver/Src/stm32f1xx_hal_gpio.o
LOAD ./Drivers/STM32F1xx_HAL_Driver/Src/stm32f1xx_hal_gpio_ex.o
LOAD ./Drivers/STM32F1xx_HAL_Driver/Src/stm32f1xx_hal_pcd.o
LOAD ./Drivers/STM32F1xx_HAL_Driver/Src/stm32f1xx_hal_pcd_ex.o
LOAD ./Drivers/STM32F1xx_HAL_Driver/Src/stm32f1xx_hal_pwr.o
LOAD ./Drivers/STM32F1xx_HAL_Driver/Src/stm32f1xx_hal_rcc.o
LOAD ./Drivers/STM32F1xx_HAL_Driver/Src/stm32f1xx_hal_rcc_ex.o
LOAD ./Drivers/STM32F1xx_HAL_Driver/Src/stm32f1xx_hal_tim.o
LOAD ./Drivers/STM32F1xx_HAL_Driver/Src/stm32f1xx_hal_tim_ex.o
LOAD ./Drivers/STM32F1xx_HAL_Driver/Src/stm32f1xx_ll_usb.o
LOAD ./Middlewares/ST/STM32_USB_Device_Library/Class/CDC/Src/usbd_cdc.o
LOAD ./Middlewares/ST/STM32_USB_Device_Library/Core/Src/usbd_core.o
LOAD ./Middlewares/ST/STM32_USB_Device_Library/Core/Src/usbd_ctlreq.o
LOAD ./Middlewares/ST/STM32_USB_Device_Library/Core/Src/usbd_ioreq.o
LOAD ./USB_DEVICE/App/usb_device.o
LOAD ./USB_DEVICE/App/usbd_cdc_if.o
LOAD ./USB_DEVICE/App/usbd_desc.o
LOAD ./USB_DEVICE/Target/usbd_conf.o
START GROUP
LOAD D:/ST/STM32CubeIDE_1.16.1/STM32CubeIDE/plugins/com.st.stm32cube.ide.mcu.externaltools.gnu-tools-for-stm32.12.3.rel1.win32_1.0.200.202406191623/tools/bin/../lib/gcc/arm-none-eabi/12.3.1/../../../../arm-none-eabi/lib/thumb/v7-m/nofp\libc_nano.a
LOAD D:/ST/STM32CubeIDE_1.16.1/STM32CubeIDE/plugins/com.st.stm32cube.ide.mcu.externaltools.gnu-tools-for-stm32.12.3.rel1.win32_1.0.200.202406191623/tools/bin/../lib/gcc/arm-none-eabi/12.3.1/../../../../arm-none-eabi/lib/thumb/v7-m/nofp\libm.a
END GROUP
START GROUP
LOAD D:/ST/STM32CubeIDE_1.16.1/STM32CubeIDE/plugins/com.st.stm32cube.ide.mcu.externaltools.gnu-tools-for-stm32.12.3.rel1.win32_1.0.200.202406191623/tools/bin/../lib/gcc/arm-none-eabi/12.3.1/thumb/v7-m/nofp\libgcc.a
LOAD D:/ST/STM32CubeIDE_1.16.1/STM32CubeIDE/plugins/com.st.stm32cube.ide.mcu.externaltools.gnu-tools-for-stm32.12.3.rel1.win32_1.0.200.202406191623/tools/bin/../lib/gcc/arm-none-eabi/12.3.1/../../../../arm-none-eabi/lib/thumb/v7-m/nofp\libc_nano.a
END GROUP
START GROUP
LOAD D:/ST/STM32CubeIDE_1.16.1/STM32CubeIDE/plugins/com.st.stm32cube.ide.mcu.externaltools.gnu-tools-for-stm32.12.3.rel1.win32_1.0.200.202406191623/tools/bin/../lib/gcc/arm-none-eabi/12.3.1/thumb/v7-m/nofp\libgcc.a
LOAD D:/ST/STM32CubeIDE_1.16.1/STM32CubeIDE/plugins/com.st.stm32cube.ide.mcu.externaltools.gnu-tools-for-stm32.12.3.rel1.win32_1.0.200.202406191623/tools/bin/../lib/gcc/arm-none-eabi/12.3.1/../../../../arm-none-eabi/lib/thumb/v7-m/nofp\libc_nano.a
LOAD D:/ST/STM32CubeIDE_1.16.1/STM32CubeIDE/plugins/com.st.stm32cube.ide.mcu.externaltools.gnu-tools-for-stm32.12.3.rel1.win32_1.0.200.202406191623/tools/bin/../lib/gcc/arm-none-eabi/12.3.1/../../../../arm-none-eabi/lib/thumb/v7-m/nofp\libnosys.a
END GROUP
START GROUP
LOAD D:/ST/STM32CubeIDE_1.16.1/STM32CubeIDE/plugins/com.st.stm32cube.ide.mcu.externaltools.gnu-tools-for-stm32.12.3.rel1.win32_1.0.200.202406191623/tools/bin/../lib/gcc/arm-none-eabi/12.3.1/thumb/v7-m/nofp\libgcc.a
LOAD D:/ST/STM32CubeIDE_1.16.1/STM32CubeIDE/plugins/com.st.stm32cube.ide.mcu.externaltools.gnu-tools-for-stm32.12.3.rel1.win32_1.0.200.202406191623/tools/bin/../lib/gcc/arm-none-eabi/12.3.1/../../../../arm-none-eabi/lib/thumb/v7-m/nofp\libc_nano.a
LOAD D:/ST/STM32CubeIDE_1.16.1/STM32CubeIDE/plugins/com.st.stm32cube.ide.mcu.externaltools.gnu-tools-for-stm32.12.3.rel1.win32_1.0.200.202406191623/tools/bin/../lib/gcc/arm-none-eabi/12.3.1/../../../../arm-none-eabi/lib/thumb/v7-m/nofp\libnosys.a
END GROUP
LOAD D:/ST/STM32CubeIDE_1.16.1/STM32CubeIDE/plugins/com.st.stm32cube.ide.mcu.externaltools.gnu-tools-for-stm32.12.3.rel1.win32_1.0.200.202406191623/tools/bin/../lib/gcc/arm-none-eabi/12.3.1/thumb/v7-m/nofp/crtend.o
LOAD D:/ST/STM32CubeIDE_1.16.1/STM32CubeIDE/plugins/com.st.stm32cube.ide.mcu.externaltools.gnu-tools-for-stm32.12.3.rel1.win32_1.0.200.202406191623/tools/bin/../lib/gcc/arm-none-eabi/12.3.1/thumb/v7-m/nofp/crtn.o
                0x20005000                        _estack = (ORIGIN (RAM) + LENGTH (RAM))
                0x00000200                        _Min_Heap_Size = 0x200
                0x00000400                        _Min_Stack_Size = 0x400

.isr_vector     0x08000000      0x10c
                0x08000000                        . = ALIGN (0x4)
 *(.isr_vector)
 .isr_vector    0x08000000      0x10c ./Core/Startup/startup_stm32f103c8tx.o
                0x08000000                g_pfnVectors
                0x0800010c                        . = ALIGN (0x4)

.text           0x0800010c     0x9c08
                0x0800010c                        . = ALIGN (0x4)
 *(.text)
 .text          0x0800010c       0x40 D:/ST/STM32CubeIDE_1.16.1/STM32CubeIDE/plugins/com.st.stm32cube.ide.mcu.externaltools.gnu-tools-for-stm32.12.3.rel1.win32_1.0.200.202406191623/tools/bin/../lib/gcc/arm-none-eabi/12.3.1/thumb/v7-m/nofp/crtbegin.o
 .text          0x0800014c       0x10 D:/ST/STM32CubeIDE_1.16.1/STM32CubeIDE/plugins/com.st.stm32cube.ide.mcu.externaltools.gnu-tools-for-stm32.12.3.rel1.win32_1.0.200.202406191623/tools/bin/../lib/gcc/arm-none-eabi/12.3.1/../../../../arm-none-eabi/lib/thumb/v7-m/nofp\libc_nano.a(libc_a-strlen.o)
                0x0800014c                strlen
 *(.text*)
 .text.main     0x0800015c      0x130 ./Core/Src/main.o
                0x0800015c                main
 .text.SystemClock_Config
                0x0800028c       0xba ./Core/Src/main.o
                0x0800028c                SystemClock_Config
 *fill*         0x08000346        0x2 
 .text.MX_ADC1_Init
                0x08000348       0x7c ./Core/Src/main.o
 .text.MX_TIM2_Init
                0x080003c4       0x9c ./Core/Src/main.o
 .text.MX_TIM3_Init
                0x08000460       0x9c ./Core/Src/main.o
 .text.MX_DMA_Init
                0x080004fc       0x3c ./Core/Src/main.o
 .text.MX_GPIO_Init
                0x08000538       0x98 ./Core/Src/main.o
 .text.HAL_TIM_PeriodElapsedCallback
                0x080005d0       0x6c ./Core/Src/main.o
                0x080005d0                HAL_TIM_PeriodElapsedCallback
 .text.HAL_ADC_ConvCpltCallback
                0x0800063c       0x44 ./Core/Src/main.o
                0x0800063c                HAL_ADC_ConvCpltCallback
 .text.Error_Handler
                0x08000680        0xc ./Core/Src/main.o
                0x08000680                Error_Handler
 .text.HAL_MspInit
                0x0800068c       0x64 ./Core/Src/stm32f1xx_hal_msp.o
                0x0800068c                HAL_MspInit
 .text.HAL_ADC_MspInit
                0x080006f0       0xd0 ./Core/Src/stm32f1xx_hal_msp.o
                0x080006f0                HAL_ADC_MspInit
 .text.HAL_TIM_Base_MspInit
                0x080007c0       0x70 ./Core/Src/stm32f1xx_hal_msp.o
                0x080007c0                HAL_TIM_Base_MspInit
 .text.NMI_Handler
                0x08000830        0x8 ./Core/Src/stm32f1xx_it.o
                0x08000830                NMI_Handler
 .text.HardFault_Handler
                0x08000838        0x8 ./Core/Src/stm32f1xx_it.o
                0x08000838                HardFault_Handler
 .text.MemManage_Handler
                0x08000840        0x8 ./Core/Src/stm32f1xx_it.o
                0x08000840                MemManage_Handler
 .text.BusFault_Handler
                0x08000848        0x8 ./Core/Src/stm32f1xx_it.o
                0x08000848                BusFault_Handler
 .text.UsageFault_Handler
                0x08000850        0x8 ./Core/Src/stm32f1xx_it.o
                0x08000850                UsageFault_Handler
 .text.SVC_Handler
                0x08000858        0xc ./Core/Src/stm32f1xx_it.o
                0x08000858                SVC_Handler
 .text.DebugMon_Handler
                0x08000864        0xc ./Core/Src/stm32f1xx_it.o
                0x08000864                DebugMon_Handler
 .text.PendSV_Handler
                0x08000870        0xc ./Core/Src/stm32f1xx_it.o
                0x08000870                PendSV_Handler
 .text.SysTick_Handler
                0x0800087c        0xc ./Core/Src/stm32f1xx_it.o
                0x0800087c                SysTick_Handler
 .text.DMA1_Channel1_IRQHandler
                0x08000888       0x14 ./Core/Src/stm32f1xx_it.o
                0x08000888                DMA1_Channel1_IRQHandler
 .text.USB_LP_CAN1_RX0_IRQHandler
                0x0800089c       0x14 ./Core/Src/stm32f1xx_it.o
                0x0800089c                USB_LP_CAN1_RX0_IRQHandler
 .text.TIM2_IRQHandler
                0x080008b0       0x14 ./Core/Src/stm32f1xx_it.o
                0x080008b0                TIM2_IRQHandler
 .text._sbrk    0x080008c4       0x6c ./Core/Src/sysmem.o
                0x080008c4                _sbrk
 .text.SystemInit
                0x08000930        0xc ./Core/Src/system_stm32f1xx.o
                0x08000930                SystemInit
 .text.Reset_Handler
                0x0800093c       0x48 ./Core/Startup/startup_stm32f103c8tx.o
                0x0800093c                Reset_Handler
 .text.Default_Handler
                0x08000984        0x2 ./Core/Startup/startup_stm32f103c8tx.o
                0x08000984                RTC_Alarm_IRQHandler
                0x08000984                EXTI2_IRQHandler
                0x08000984                TIM1_CC_IRQHandler
                0x08000984                PVD_IRQHandler
                0x08000984                EXTI3_IRQHandler
                0x08000984                EXTI0_IRQHandler
                0x08000984                I2C2_EV_IRQHandler
                0x08000984                ADC1_2_IRQHandler
                0x08000984                SPI1_IRQHandler
                0x08000984                TAMPER_IRQHandler
                0x08000984                DMA1_Channel4_IRQHandler
                0x08000984                USART3_IRQHandler
                0x08000984                RTC_IRQHandler
                0x08000984                DMA1_Channel7_IRQHandler
                0x08000984                CAN1_RX1_IRQHandler
                0x08000984                TIM4_IRQHandler
                0x08000984                I2C1_EV_IRQHandler
                0x08000984                DMA1_Channel6_IRQHandler
                0x08000984                TIM3_IRQHandler
                0x08000984                RCC_IRQHandler
                0x08000984                TIM1_TRG_COM_IRQHandler
                0x08000984                Default_Handler
                0x08000984                EXTI15_10_IRQHandler
                0x08000984                EXTI9_5_IRQHandler
                0x08000984                SPI2_IRQHandler
                0x08000984                DMA1_Channel5_IRQHandler
                0x08000984                EXTI4_IRQHandler
                0x08000984                USB_HP_CAN1_TX_IRQHandler
                0x08000984                DMA1_Channel3_IRQHandler
                0x08000984                TIM1_UP_IRQHandler
                0x08000984                WWDG_IRQHandler
                0x08000984                TIM1_BRK_IRQHandler
                0x08000984                EXTI1_IRQHandler
                0x08000984                USART2_IRQHandler
                0x08000984                I2C2_ER_IRQHandler
                0x08000984                DMA1_Channel2_IRQHandler
                0x08000984                CAN1_SCE_IRQHandler
                0x08000984                FLASH_IRQHandler
                0x08000984                USART1_IRQHandler
                0x08000984                I2C1_ER_IRQHandler
                0x08000984                USBWakeUp_IRQHandler
 *fill*         0x08000986        0x2 
 .text.HAL_Init
                0x08000988       0x2c ./Drivers/STM32F1xx_HAL_Driver/Src/stm32f1xx_hal.o
                0x08000988                HAL_Init
 .text.HAL_InitTick
                0x080009b4       0x60 ./Drivers/STM32F1xx_HAL_Driver/Src/stm32f1xx_hal.o
                0x080009b4                HAL_InitTick
 .text.HAL_IncTick
                0x08000a14       0x24 ./Drivers/STM32F1xx_HAL_Driver/Src/stm32f1xx_hal.o
                0x08000a14                HAL_IncTick
 .text.HAL_GetTick
                0x08000a38       0x14 ./Drivers/STM32F1xx_HAL_Driver/Src/stm32f1xx_hal.o
                0x08000a38                HAL_GetTick
 .text.HAL_ADC_Init
                0x08000a4c      0x1b0 ./Drivers/STM32F1xx_HAL_Driver/Src/stm32f1xx_hal_adc.o
                0x08000a4c                HAL_ADC_Init
 .text.HAL_ADC_Start_DMA
                0x08000bfc      0x1bc ./Drivers/STM32F1xx_HAL_Driver/Src/stm32f1xx_hal_adc.o
                0x08000bfc                HAL_ADC_Start_DMA
 .text.HAL_ADC_Stop_DMA
                0x08000db8       0x98 ./Drivers/STM32F1xx_HAL_Driver/Src/stm32f1xx_hal_adc.o
                0x08000db8                HAL_ADC_Stop_DMA
 .text.HAL_ADC_ConvHalfCpltCallback
                0x08000e50       0x12 ./Drivers/STM32F1xx_HAL_Driver/Src/stm32f1xx_hal_adc.o
                0x08000e50                HAL_ADC_ConvHalfCpltCallback
 .text.HAL_ADC_ErrorCallback
                0x08000e62       0x12 ./Drivers/STM32F1xx_HAL_Driver/Src/stm32f1xx_hal_adc.o
                0x08000e62                HAL_ADC_ErrorCallback
 .text.HAL_ADC_ConfigChannel
                0x08000e74      0x1f0 ./Drivers/STM32F1xx_HAL_Driver/Src/stm32f1xx_hal_adc.o
                0x08000e74                HAL_ADC_ConfigChannel
 .text.ADC_Enable
                0x08001064       0xb4 ./Drivers/STM32F1xx_HAL_Driver/Src/stm32f1xx_hal_adc.o
                0x08001064                ADC_Enable
 .text.ADC_ConversionStop_Disable
                0x08001118       0x82 ./Drivers/STM32F1xx_HAL_Driver/Src/stm32f1xx_hal_adc.o
                0x08001118                ADC_ConversionStop_Disable
 .text.ADC_DMAConvCplt
                0x0800119a       0x7c ./Drivers/STM32F1xx_HAL_Driver/Src/stm32f1xx_hal_adc.o
                0x0800119a                ADC_DMAConvCplt
 .text.ADC_DMAHalfConvCplt
                0x08001216       0x1c ./Drivers/STM32F1xx_HAL_Driver/Src/stm32f1xx_hal_adc.o
                0x08001216                ADC_DMAHalfConvCplt
 .text.ADC_DMAError
                0x08001232       0x34 ./Drivers/STM32F1xx_HAL_Driver/Src/stm32f1xx_hal_adc.o
                0x08001232                ADC_DMAError
 *fill*         0x08001266        0x2 
 .text.HAL_ADCEx_Calibration_Start
                0x08001268      0x15c ./Drivers/STM32F1xx_HAL_Driver/Src/stm32f1xx_hal_adc_ex.o
                0x08001268                HAL_ADCEx_Calibration_Start
 .text.__NVIC_SetPriorityGrouping
                0x080013c4       0x48 ./Drivers/STM32F1xx_HAL_Driver/Src/stm32f1xx_hal_cortex.o
 .text.__NVIC_GetPriorityGrouping
                0x0800140c       0x1c ./Drivers/STM32F1xx_HAL_Driver/Src/stm32f1xx_hal_cortex.o
 .text.__NVIC_EnableIRQ
                0x08001428       0x38 ./Drivers/STM32F1xx_HAL_Driver/Src/stm32f1xx_hal_cortex.o
 .text.__NVIC_SetPriority
                0x08001460       0x54 ./Drivers/STM32F1xx_HAL_Driver/Src/stm32f1xx_hal_cortex.o
 .text.NVIC_EncodePriority
                0x080014b4       0x64 ./Drivers/STM32F1xx_HAL_Driver/Src/stm32f1xx_hal_cortex.o
 .text.SysTick_Config
                0x08001518       0x44 ./Drivers/STM32F1xx_HAL_Driver/Src/stm32f1xx_hal_cortex.o
 .text.HAL_NVIC_SetPriorityGrouping
                0x0800155c       0x16 ./Drivers/STM32F1xx_HAL_Driver/Src/stm32f1xx_hal_cortex.o
                0x0800155c                HAL_NVIC_SetPriorityGrouping
 .text.HAL_NVIC_SetPriority
                0x08001572       0x38 ./Drivers/STM32F1xx_HAL_Driver/Src/stm32f1xx_hal_cortex.o
                0x08001572                HAL_NVIC_SetPriority
 .text.HAL_NVIC_EnableIRQ
                0x080015aa       0x1c ./Drivers/STM32F1xx_HAL_Driver/Src/stm32f1xx_hal_cortex.o
                0x080015aa                HAL_NVIC_EnableIRQ
 .text.HAL_SYSTICK_Config
                0x080015c6       0x18 ./Drivers/STM32F1xx_HAL_Driver/Src/stm32f1xx_hal_cortex.o
                0x080015c6                HAL_SYSTICK_Config
 *fill*         0x080015de        0x2 
 .text.HAL_DMA_Init
                0x080015e0       0xb4 ./Drivers/STM32F1xx_HAL_Driver/Src/stm32f1xx_hal_dma.o
                0x080015e0                HAL_DMA_Init
 .text.HAL_DMA_Start_IT
                0x08001694       0xc0 ./Drivers/STM32F1xx_HAL_Driver/Src/stm32f1xx_hal_dma.o
                0x08001694                HAL_DMA_Start_IT
 .text.HAL_DMA_Abort
                0x08001754       0x76 ./Drivers/STM32F1xx_HAL_Driver/Src/stm32f1xx_hal_dma.o
                0x08001754                HAL_DMA_Abort
 *fill*         0x080017ca        0x2 
 .text.HAL_DMA_IRQHandler
                0x080017cc      0x20c ./Drivers/STM32F1xx_HAL_Driver/Src/stm32f1xx_hal_dma.o
                0x080017cc                HAL_DMA_IRQHandler
 .text.DMA_SetConfig
                0x080019d8       0x5a ./Drivers/STM32F1xx_HAL_Driver/Src/stm32f1xx_hal_dma.o
 *fill*         0x08001a32        0x2 
 .text.HAL_GPIO_Init
                0x08001a34      0x308 ./Drivers/STM32F1xx_HAL_Driver/Src/stm32f1xx_hal_gpio.o
                0x08001a34                HAL_GPIO_Init
 .text.HAL_GPIO_WritePin
                0x08001d3c       0x30 ./Drivers/STM32F1xx_HAL_Driver/Src/stm32f1xx_hal_gpio.o
                0x08001d3c                HAL_GPIO_WritePin
 .text.HAL_PCD_Init
                0x08001d6c      0x1ec ./Drivers/STM32F1xx_HAL_Driver/Src/stm32f1xx_hal_pcd.o
                0x08001d6c                HAL_PCD_Init
 .text.HAL_PCD_Start
                0x08001f58       0x4c ./Drivers/STM32F1xx_HAL_Driver/Src/stm32f1xx_hal_pcd.o
                0x08001f58                HAL_PCD_Start
 .text.HAL_PCD_IRQHandler
                0x08001fa4      0x260 ./Drivers/STM32F1xx_HAL_Driver/Src/stm32f1xx_hal_pcd.o
                0x08001fa4                HAL_PCD_IRQHandler
 .text.HAL_PCD_SetAddress
                0x08002204       0x48 ./Drivers/STM32F1xx_HAL_Driver/Src/stm32f1xx_hal_pcd.o
                0x08002204                HAL_PCD_SetAddress
 .text.HAL_PCD_EP_Open
                0x0800224c       0xba ./Drivers/STM32F1xx_HAL_Driver/Src/stm32f1xx_hal_pcd.o
                0x0800224c                HAL_PCD_EP_Open
 .text.HAL_PCD_EP_Close
                0x08002306       0x90 ./Drivers/STM32F1xx_HAL_Driver/Src/stm32f1xx_hal_pcd.o
                0x08002306                HAL_PCD_EP_Close
 .text.HAL_PCD_EP_Receive
                0x08002396       0x62 ./Drivers/STM32F1xx_HAL_Driver/Src/stm32f1xx_hal_pcd.o
                0x08002396                HAL_PCD_EP_Receive
 .text.HAL_PCD_EP_GetRxCount
                0x080023f8       0x2e ./Drivers/STM32F1xx_HAL_Driver/Src/stm32f1xx_hal_pcd.o
                0x080023f8                HAL_PCD_EP_GetRxCount
 .text.HAL_PCD_EP_Transmit
                0x08002426       0x6e ./Drivers/STM32F1xx_HAL_Driver/Src/stm32f1xx_hal_pcd.o
                0x08002426                HAL_PCD_EP_Transmit
 .text.HAL_PCD_EP_SetStall
                0x08002494       0xc0 ./Drivers/STM32F1xx_HAL_Driver/Src/stm32f1xx_hal_pcd.o
                0x08002494                HAL_PCD_EP_SetStall
 .text.HAL_PCD_EP_ClrStall
                0x08002554       0xa8 ./Drivers/STM32F1xx_HAL_Driver/Src/stm32f1xx_hal_pcd.o
                0x08002554                HAL_PCD_EP_ClrStall
 .text.PCD_EP_ISR_Handler
                0x080025fc      0x79e ./Drivers/STM32F1xx_HAL_Driver/Src/stm32f1xx_hal_pcd.o
 .text.HAL_PCD_EP_DB_Receive
                0x08002d9a      0x21a ./Drivers/STM32F1xx_HAL_Driver/Src/stm32f1xx_hal_pcd.o
 .text.HAL_PCD_EP_DB_Transmit
                0x08002fb4      0x7f4 ./Drivers/STM32F1xx_HAL_Driver/Src/stm32f1xx_hal_pcd.o
 .text.HAL_PCDEx_PMAConfig
                0x080037a8       0x84 ./Drivers/STM32F1xx_HAL_Driver/Src/stm32f1xx_hal_pcd_ex.o
                0x080037a8                HAL_PCDEx_PMAConfig
 .text.HAL_RCC_OscConfig
                0x0800382c      0x504 ./Drivers/STM32F1xx_HAL_Driver/Src/stm32f1xx_hal_rcc.o
                0x0800382c                HAL_RCC_OscConfig
 .text.HAL_RCC_ClockConfig
                0x08003d30      0x1d4 ./Drivers/STM32F1xx_HAL_Driver/Src/stm32f1xx_hal_rcc.o
                0x08003d30                HAL_RCC_ClockConfig
 .text.HAL_RCC_GetSysClockFreq
                0x08003f04       0xa8 ./Drivers/STM32F1xx_HAL_Driver/Src/stm32f1xx_hal_rcc.o
                0x08003f04                HAL_RCC_GetSysClockFreq
 .text.HAL_RCC_GetHCLKFreq
                0x08003fac       0x14 ./Drivers/STM32F1xx_HAL_Driver/Src/stm32f1xx_hal_rcc.o
                0x08003fac                HAL_RCC_GetHCLKFreq
 .text.HAL_RCC_GetPCLK2Freq
                0x08003fc0       0x28 ./Drivers/STM32F1xx_HAL_Driver/Src/stm32f1xx_hal_rcc.o
                0x08003fc0                HAL_RCC_GetPCLK2Freq
 .text.RCC_Delay
                0x08003fe8       0x3c ./Drivers/STM32F1xx_HAL_Driver/Src/stm32f1xx_hal_rcc.o
 .text.HAL_RCCEx_PeriphCLKConfig
                0x08004024      0x16c ./Drivers/STM32F1xx_HAL_Driver/Src/stm32f1xx_hal_rcc_ex.o
                0x08004024                HAL_RCCEx_PeriphCLKConfig
 .text.HAL_RCCEx_GetPeriphCLKFreq
                0x08004190      0x16c ./Drivers/STM32F1xx_HAL_Driver/Src/stm32f1xx_hal_rcc_ex.o
                0x08004190                HAL_RCCEx_GetPeriphCLKFreq
 .text.HAL_TIM_Base_Init
                0x080042fc       0x9e ./Drivers/STM32F1xx_HAL_Driver/Src/stm32f1xx_hal_tim.o
                0x080042fc                HAL_TIM_Base_Init
 *fill*         0x0800439a        0x2 
 .text.HAL_TIM_Base_Start
                0x0800439c       0x94 ./Drivers/STM32F1xx_HAL_Driver/Src/stm32f1xx_hal_tim.o
                0x0800439c                HAL_TIM_Base_Start
 .text.HAL_TIM_Base_Stop
                0x08004430       0x4c ./Drivers/STM32F1xx_HAL_Driver/Src/stm32f1xx_hal_tim.o
                0x08004430                HAL_TIM_Base_Stop
 .text.HAL_TIM_Base_Start_IT
                0x0800447c       0xa4 ./Drivers/STM32F1xx_HAL_Driver/Src/stm32f1xx_hal_tim.o
                0x0800447c                HAL_TIM_Base_Start_IT
 .text.HAL_TIM_Base_Stop_IT
                0x08004520       0x5c ./Drivers/STM32F1xx_HAL_Driver/Src/stm32f1xx_hal_tim.o
                0x08004520                HAL_TIM_Base_Stop_IT
 .text.HAL_TIM_IRQHandler
                0x0800457c      0x1e0 ./Drivers/STM32F1xx_HAL_Driver/Src/stm32f1xx_hal_tim.o
                0x0800457c                HAL_TIM_IRQHandler
 .text.HAL_TIM_ConfigClockSource
                0x0800475c      0x18e ./Drivers/STM32F1xx_HAL_Driver/Src/stm32f1xx_hal_tim.o
                0x0800475c                HAL_TIM_ConfigClockSource
 .text.HAL_TIM_OC_DelayElapsedCallback
                0x080048ea       0x12 ./Drivers/STM32F1xx_HAL_Driver/Src/stm32f1xx_hal_tim.o
                0x080048ea                HAL_TIM_OC_DelayElapsedCallback
 .text.HAL_TIM_IC_CaptureCallback
                0x080048fc       0x12 ./Drivers/STM32F1xx_HAL_Driver/Src/stm32f1xx_hal_tim.o
                0x080048fc                HAL_TIM_IC_CaptureCallback
 .text.HAL_TIM_PWM_PulseFinishedCallback
                0x0800490e       0x12 ./Drivers/STM32F1xx_HAL_Driver/Src/stm32f1xx_hal_tim.o
                0x0800490e                HAL_TIM_PWM_PulseFinishedCallback
 .text.HAL_TIM_TriggerCallback
                0x08004920       0x12 ./Drivers/STM32F1xx_HAL_Driver/Src/stm32f1xx_hal_tim.o
                0x08004920                HAL_TIM_TriggerCallback
 *fill*         0x08004932        0x2 
 .text.TIM_Base_SetConfig
                0x08004934       0xdc ./Drivers/STM32F1xx_HAL_Driver/Src/stm32f1xx_hal_tim.o
                0x08004934                TIM_Base_SetConfig
 .text.TIM_TI1_ConfigInputStage
                0x08004a10       0x5c ./Drivers/STM32F1xx_HAL_Driver/Src/stm32f1xx_hal_tim.o
 .text.TIM_TI2_ConfigInputStage
                0x08004a6c       0x5e ./Drivers/STM32F1xx_HAL_Driver/Src/stm32f1xx_hal_tim.o
 .text.TIM_ITRx_SetConfig
                0x08004aca       0x34 ./Drivers/STM32F1xx_HAL_Driver/Src/stm32f1xx_hal_tim.o
 .text.TIM_ETR_SetConfig
                0x08004afe       0x3e ./Drivers/STM32F1xx_HAL_Driver/Src/stm32f1xx_hal_tim.o
                0x08004afe                TIM_ETR_SetConfig
 .text.HAL_TIMEx_MasterConfigSynchronization
                0x08004b3c       0xbc ./Drivers/STM32F1xx_HAL_Driver/Src/stm32f1xx_hal_tim_ex.o
                0x08004b3c                HAL_TIMEx_MasterConfigSynchronization
 .text.HAL_TIMEx_CommutCallback
                0x08004bf8       0x12 ./Drivers/STM32F1xx_HAL_Driver/Src/stm32f1xx_hal_tim_ex.o
                0x08004bf8                HAL_TIMEx_CommutCallback
 .text.HAL_TIMEx_BreakCallback
                0x08004c0a       0x12 ./Drivers/STM32F1xx_HAL_Driver/Src/stm32f1xx_hal_tim_ex.o
                0x08004c0a                HAL_TIMEx_BreakCallback
 .text.USB_CoreInit
                0x08004c1c       0x1a ./Drivers/STM32F1xx_HAL_Driver/Src/stm32f1xx_ll_usb.o
                0x08004c1c                USB_CoreInit
 .text.USB_EnableGlobalInt
                0x08004c36       0x2c ./Drivers/STM32F1xx_HAL_Driver/Src/stm32f1xx_ll_usb.o
                0x08004c36                USB_EnableGlobalInt
 .text.USB_DisableGlobalInt
                0x08004c62       0x34 ./Drivers/STM32F1xx_HAL_Driver/Src/stm32f1xx_ll_usb.o
                0x08004c62                USB_DisableGlobalInt
 .text.USB_SetCurrentMode
                0x08004c96       0x18 ./Drivers/STM32F1xx_HAL_Driver/Src/stm32f1xx_ll_usb.o
                0x08004c96                USB_SetCurrentMode
 .text.USB_DevInit
                0x08004cae       0x3a ./Drivers/STM32F1xx_HAL_Driver/Src/stm32f1xx_ll_usb.o
                0x08004cae                USB_DevInit
 .text.USB_ActivateEndpoint
                0x08004ce8      0x780 ./Drivers/STM32F1xx_HAL_Driver/Src/stm32f1xx_ll_usb.o
                0x08004ce8                USB_ActivateEndpoint
 .text.USB_DeactivateEndpoint
                0x08005468      0x3d8 ./Drivers/STM32F1xx_HAL_Driver/Src/stm32f1xx_ll_usb.o
                0x08005468                USB_DeactivateEndpoint
 .text.USB_EPStartXfer
                0x08005840     0x1762 ./Drivers/STM32F1xx_HAL_Driver/Src/stm32f1xx_ll_usb.o
                0x08005840                USB_EPStartXfer
 .text.USB_EPSetStall
                0x08006fa2       0xa0 ./Drivers/STM32F1xx_HAL_Driver/Src/stm32f1xx_ll_usb.o
                0x08006fa2                USB_EPSetStall
 .text.USB_EPClearStall
                0x08007042      0x15a ./Drivers/STM32F1xx_HAL_Driver/Src/stm32f1xx_ll_usb.o
                0x08007042                USB_EPClearStall
 .text.USB_SetDevAddress
                0x0800719c       0x26 ./Drivers/STM32F1xx_HAL_Driver/Src/stm32f1xx_ll_usb.o
                0x0800719c                USB_SetDevAddress
 .text.USB_DevConnect
                0x080071c2       0x14 ./Drivers/STM32F1xx_HAL_Driver/Src/stm32f1xx_ll_usb.o
                0x080071c2                USB_DevConnect
 .text.USB_DevDisconnect
                0x080071d6       0x14 ./Drivers/STM32F1xx_HAL_Driver/Src/stm32f1xx_ll_usb.o
                0x080071d6                USB_DevDisconnect
 .text.USB_ReadInterrupts
                0x080071ea       0x1e ./Drivers/STM32F1xx_HAL_Driver/Src/stm32f1xx_ll_usb.o
                0x080071ea                USB_ReadInterrupts
 .text.USB_EP0_OutStart
                0x08007208       0x16 ./Drivers/STM32F1xx_HAL_Driver/Src/stm32f1xx_ll_usb.o
                0x08007208                USB_EP0_OutStart
 .text.USB_WritePMA
                0x0800721e       0x8a ./Drivers/STM32F1xx_HAL_Driver/Src/stm32f1xx_ll_usb.o
                0x0800721e                USB_WritePMA
 .text.USB_ReadPMA
                0x080072a8       0x9e ./Drivers/STM32F1xx_HAL_Driver/Src/stm32f1xx_ll_usb.o
                0x080072a8                USB_ReadPMA
 .text.USBD_CDC_Init
                0x08007346       0xf4 ./Middlewares/ST/STM32_USB_Device_Library/Class/CDC/Src/usbd_cdc.o
 .text.USBD_CDC_DeInit
                0x0800743a       0x6e ./Middlewares/ST/STM32_USB_Device_Library/Class/CDC/Src/usbd_cdc.o
 .text.USBD_CDC_Setup
                0x080074a8      0x146 ./Middlewares/ST/STM32_USB_Device_Library/Class/CDC/Src/usbd_cdc.o
 .text.USBD_CDC_DataIn
                0x080075ee       0xa6 ./Middlewares/ST/STM32_USB_Device_Library/Class/CDC/Src/usbd_cdc.o
 .text.USBD_CDC_DataOut
                0x08007694       0x56 ./Middlewares/ST/STM32_USB_Device_Library/Class/CDC/Src/usbd_cdc.o
 .text.USBD_CDC_EP0_RxReady
                0x080076ea       0x4e ./Middlewares/ST/STM32_USB_Device_Library/Class/CDC/Src/usbd_cdc.o
 .text.USBD_CDC_GetFSCfgDesc
                0x08007738       0x20 ./Middlewares/ST/STM32_USB_Device_Library/Class/CDC/Src/usbd_cdc.o
 .text.USBD_CDC_GetHSCfgDesc
                0x08007758       0x20 ./Middlewares/ST/STM32_USB_Device_Library/Class/CDC/Src/usbd_cdc.o
 .text.USBD_CDC_GetOtherSpeedCfgDesc
                0x08007778       0x20 ./Middlewares/ST/STM32_USB_Device_Library/Class/CDC/Src/usbd_cdc.o
 .text.USBD_CDC_GetDeviceQualifierDescriptor
                0x08007798       0x20 ./Middlewares/ST/STM32_USB_Device_Library/Class/CDC/Src/usbd_cdc.o
                0x08007798                USBD_CDC_GetDeviceQualifierDescriptor
 .text.USBD_CDC_RegisterInterface
                0x080077b8       0x2c ./Middlewares/ST/STM32_USB_Device_Library/Class/CDC/Src/usbd_cdc.o
                0x080077b8                USBD_CDC_RegisterInterface
 .text.USBD_CDC_SetTxBuffer
                0x080077e4       0x32 ./Middlewares/ST/STM32_USB_Device_Library/Class/CDC/Src/usbd_cdc.o
                0x080077e4                USBD_CDC_SetTxBuffer
 .text.USBD_CDC_SetRxBuffer
                0x08007816       0x26 ./Middlewares/ST/STM32_USB_Device_Library/Class/CDC/Src/usbd_cdc.o
                0x08007816                USBD_CDC_SetRxBuffer
 .text.USBD_CDC_TransmitPacket
                0x0800783c       0x5e ./Middlewares/ST/STM32_USB_Device_Library/Class/CDC/Src/usbd_cdc.o
                0x0800783c                USBD_CDC_TransmitPacket
 .text.USBD_CDC_ReceivePacket
                0x0800789a       0x54 ./Middlewares/ST/STM32_USB_Device_Library/Class/CDC/Src/usbd_cdc.o
                0x0800789a                USBD_CDC_ReceivePacket
 .text.USBD_Init
                0x080078ee       0x56 ./Middlewares/ST/STM32_USB_Device_Library/Core/Src/usbd_core.o
                0x080078ee                USBD_Init
 .text.USBD_RegisterClass
                0x08007944       0x32 ./Middlewares/ST/STM32_USB_Device_Library/Core/Src/usbd_core.o
                0x08007944                USBD_RegisterClass
 .text.USBD_Start
                0x08007976       0x18 ./Middlewares/ST/STM32_USB_Device_Library/Core/Src/usbd_core.o
                0x08007976                USBD_Start
 .text.USBD_RunTestMode
                0x0800798e       0x14 ./Middlewares/ST/STM32_USB_Device_Library/Core/Src/usbd_core.o
                0x0800798e                USBD_RunTestMode
 .text.USBD_SetClassConfig
                0x080079a2       0x3e ./Middlewares/ST/STM32_USB_Device_Library/Core/Src/usbd_core.o
                0x080079a2                USBD_SetClassConfig
 .text.USBD_ClrClassConfig
                0x080079e0       0x26 ./Middlewares/ST/STM32_USB_Device_Library/Core/Src/usbd_core.o
                0x080079e0                USBD_ClrClassConfig
 .text.USBD_LL_SetupStage
                0x08007a06       0x9a ./Middlewares/ST/STM32_USB_Device_Library/Core/Src/usbd_core.o
                0x08007a06                USBD_LL_SetupStage
 .text.USBD_LL_DataOutStage
                0x08007aa0       0xe2 ./Middlewares/ST/STM32_USB_Device_Library/Core/Src/usbd_core.o
                0x08007aa0                USBD_LL_DataOutStage
 .text.USBD_LL_DataInStage
                0x08007b82      0x14a ./Middlewares/ST/STM32_USB_Device_Library/Core/Src/usbd_core.o
                0x08007b82                USBD_LL_DataInStage
 .text.USBD_LL_Reset
                0x08007ccc       0x82 ./Middlewares/ST/STM32_USB_Device_Library/Core/Src/usbd_core.o
                0x08007ccc                USBD_LL_Reset
 .text.USBD_LL_SetSpeed
                0x08007d4e       0x1e ./Middlewares/ST/STM32_USB_Device_Library/Core/Src/usbd_core.o
                0x08007d4e                USBD_LL_SetSpeed
 .text.USBD_LL_Suspend
                0x08007d6c       0x28 ./Middlewares/ST/STM32_USB_Device_Library/Core/Src/usbd_core.o
                0x08007d6c                USBD_LL_Suspend
 .text.USBD_LL_Resume
                0x08007d94       0x2a ./Middlewares/ST/STM32_USB_Device_Library/Core/Src/usbd_core.o
                0x08007d94                USBD_LL_Resume
 .text.USBD_LL_SOF
                0x08007dbe       0x34 ./Middlewares/ST/STM32_USB_Device_Library/Core/Src/usbd_core.o
                0x08007dbe                USBD_LL_SOF
 *fill*         0x08007df2        0x2 
 .text.USBD_StdDevReq
                0x08007df4       0xd4 ./Middlewares/ST/STM32_USB_Device_Library/Core/Src/usbd_ctlreq.o
                0x08007df4                USBD_StdDevReq
 .text.USBD_StdItfReq
                0x08007ec8       0x90 ./Middlewares/ST/STM32_USB_Device_Library/Core/Src/usbd_ctlreq.o
                0x08007ec8                USBD_StdItfReq
 .text.USBD_StdEPReq
                0x08007f58      0x2c6 ./Middlewares/ST/STM32_USB_Device_Library/Core/Src/usbd_ctlreq.o
                0x08007f58                USBD_StdEPReq
 *fill*         0x0800821e        0x2 
 .text.USBD_GetDescriptor
                0x08008220      0x2d0 ./Middlewares/ST/STM32_USB_Device_Library/Core/Src/usbd_ctlreq.o
 .text.USBD_SetAddress
                0x080084f0       0x86 ./Middlewares/ST/STM32_USB_Device_Library/Core/Src/usbd_ctlreq.o
 *fill*         0x08008576        0x2 
 .text.USBD_SetConfig
                0x08008578      0x11c ./Middlewares/ST/STM32_USB_Device_Library/Core/Src/usbd_ctlreq.o
 .text.USBD_GetConfig
                0x08008694       0x6a ./Middlewares/ST/STM32_USB_Device_Library/Core/Src/usbd_ctlreq.o
 .text.USBD_GetStatus
                0x080086fe       0x66 ./Middlewares/ST/STM32_USB_Device_Library/Core/Src/usbd_ctlreq.o
 .text.USBD_SetFeature
                0x08008764       0x28 ./Middlewares/ST/STM32_USB_Device_Library/Core/Src/usbd_ctlreq.o
 .text.USBD_ClrFeature
                0x0800878c       0x42 ./Middlewares/ST/STM32_USB_Device_Library/Core/Src/usbd_ctlreq.o
 .text.USBD_ParseSetupRequest
                0x080087ce       0x72 ./Middlewares/ST/STM32_USB_Device_Library/Core/Src/usbd_ctlreq.o
                0x080087ce                USBD_ParseSetupRequest
 .text.USBD_CtlError
                0x08008840       0x22 ./Middlewares/ST/STM32_USB_Device_Library/Core/Src/usbd_ctlreq.o
                0x08008840                USBD_CtlError
 .text.USBD_GetString
                0x08008862       0x84 ./Middlewares/ST/STM32_USB_Device_Library/Core/Src/usbd_ctlreq.o
                0x08008862                USBD_GetString
 .text.USBD_GetLen
                0x080088e6       0x2e ./Middlewares/ST/STM32_USB_Device_Library/Core/Src/usbd_ctlreq.o
 .text.USBD_CtlSendData
                0x08008914       0x38 ./Middlewares/ST/STM32_USB_Device_Library/Core/Src/usbd_ioreq.o
                0x08008914                USBD_CtlSendData
 .text.USBD_CtlContinueSendData
                0x0800894c       0x24 ./Middlewares/ST/STM32_USB_Device_Library/Core/Src/usbd_ioreq.o
                0x0800894c                USBD_CtlContinueSendData
 .text.USBD_CtlPrepareRx
                0x08008970       0x3c ./Middlewares/ST/STM32_USB_Device_Library/Core/Src/usbd_ioreq.o
                0x08008970                USBD_CtlPrepareRx
 .text.USBD_CtlContinueRx
                0x080089ac       0x24 ./Middlewares/ST/STM32_USB_Device_Library/Core/Src/usbd_ioreq.o
                0x080089ac                USBD_CtlContinueRx
 .text.USBD_CtlSendStatus
                0x080089d0       0x26 ./Middlewares/ST/STM32_USB_Device_Library/Core/Src/usbd_ioreq.o
                0x080089d0                USBD_CtlSendStatus
 .text.USBD_CtlReceiveStatus
                0x080089f6       0x26 ./Middlewares/ST/STM32_USB_Device_Library/Core/Src/usbd_ioreq.o
                0x080089f6                USBD_CtlReceiveStatus
 .text.MX_USB_DEVICE_Init
                0x08008a1c       0x60 ./USB_DEVICE/App/usb_device.o
                0x08008a1c                MX_USB_DEVICE_Init
 .text.CDC_Init_FS
                0x08008a7c       0x28 ./USB_DEVICE/App/usbd_cdc_if.o
 .text.CDC_DeInit_FS
                0x08008aa4        0xe ./USB_DEVICE/App/usbd_cdc_if.o
 *fill*         0x08008ab2        0x2 
 .text.CDC_Control_FS
                0x08008ab4       0xbc ./USB_DEVICE/App/usbd_cdc_if.o
 .text.CDC_Receive_FS
                0x08008b70       0x4c ./USB_DEVICE/App/usbd_cdc_if.o
 .text.CDC_Transmit_FS
                0x08008bbc       0x4c ./USB_DEVICE/App/usbd_cdc_if.o
                0x08008bbc                CDC_Transmit_FS
 .text.USBD_FS_DeviceDescriptor
                0x08008c08       0x24 ./USB_DEVICE/App/usbd_desc.o
                0x08008c08                USBD_FS_DeviceDescriptor
 .text.USBD_FS_LangIDStrDescriptor
                0x08008c2c       0x24 ./USB_DEVICE/App/usbd_desc.o
                0x08008c2c                USBD_FS_LangIDStrDescriptor
 .text.USBD_FS_ProductStrDescriptor
                0x08008c50       0x3c ./USB_DEVICE/App/usbd_desc.o
                0x08008c50                USBD_FS_ProductStrDescriptor
 .text.USBD_FS_ManufacturerStrDescriptor
                0x08008c8c       0x28 ./USB_DEVICE/App/usbd_desc.o
                0x08008c8c                USBD_FS_ManufacturerStrDescriptor
 .text.USBD_FS_SerialStrDescriptor
                0x08008cb4       0x24 ./USB_DEVICE/App/usbd_desc.o
                0x08008cb4                USBD_FS_SerialStrDescriptor
 .text.USBD_FS_ConfigStrDescriptor
                0x08008cd8       0x3c ./USB_DEVICE/App/usbd_desc.o
                0x08008cd8                USBD_FS_ConfigStrDescriptor
 .text.USBD_FS_InterfaceStrDescriptor
                0x08008d14       0x3c ./USB_DEVICE/App/usbd_desc.o
                0x08008d14                USBD_FS_InterfaceStrDescriptor
 .text.Get_SerialNum
                0x08008d50       0x58 ./USB_DEVICE/App/usbd_desc.o
 .text.IntToUnicode
                0x08008da8       0x7c ./USB_DEVICE/App/usbd_desc.o
 .text.HAL_PCD_MspInit
                0x08008e24       0x4c ./USB_DEVICE/Target/usbd_conf.o
                0x08008e24                HAL_PCD_MspInit
 .text.HAL_PCD_SetupStageCallback
                0x08008e70       0x24 ./USB_DEVICE/Target/usbd_conf.o
                0x08008e70                HAL_PCD_SetupStageCallback
 .text.HAL_PCD_DataOutStageCallback
                0x08008e94       0x36 ./USB_DEVICE/Target/usbd_conf.o
                0x08008e94                HAL_PCD_DataOutStageCallback
 .text.HAL_PCD_DataInStageCallback
                0x08008eca       0x34 ./USB_DEVICE/Target/usbd_conf.o
                0x08008eca                HAL_PCD_DataInStageCallback
 .text.HAL_PCD_SOFCallback
                0x08008efe       0x1c ./USB_DEVICE/Target/usbd_conf.o
                0x08008efe                HAL_PCD_SOFCallback
 .text.HAL_PCD_ResetCallback
                0x08008f1a       0x3c ./USB_DEVICE/Target/usbd_conf.o
                0x08008f1a                HAL_PCD_ResetCallback
 *fill*         0x08008f56        0x2 
 .text.HAL_PCD_SuspendCallback
                0x08008f58       0x34 ./USB_DEVICE/Target/usbd_conf.o
                0x08008f58                HAL_PCD_SuspendCallback
 .text.HAL_PCD_ResumeCallback
                0x08008f8c       0x1c ./USB_DEVICE/Target/usbd_conf.o
                0x08008f8c                HAL_PCD_ResumeCallback
 .text.USBD_LL_Init
                0x08008fa8       0xb4 ./USB_DEVICE/Target/usbd_conf.o
                0x08008fa8                USBD_LL_Init
 .text.USBD_LL_Start
                0x0800905c       0x36 ./USB_DEVICE/Target/usbd_conf.o
                0x0800905c                USBD_LL_Start
 .text.USBD_LL_OpenEP
                0x08009092       0x4c ./USB_DEVICE/Target/usbd_conf.o
                0x08009092                USBD_LL_OpenEP
 .text.USBD_LL_CloseEP
                0x080090de       0x3e ./USB_DEVICE/Target/usbd_conf.o
                0x080090de                USBD_LL_CloseEP
 .text.USBD_LL_StallEP
                0x0800911c       0x3e ./USB_DEVICE/Target/usbd_conf.o
                0x0800911c                USBD_LL_StallEP
 .text.USBD_LL_ClearStallEP
                0x0800915a       0x3e ./USB_DEVICE/Target/usbd_conf.o
                0x0800915a                USBD_LL_ClearStallEP
 .text.USBD_LL_IsStallEP
                0x08009198       0x56 ./USB_DEVICE/Target/usbd_conf.o
                0x08009198                USBD_LL_IsStallEP
 .text.USBD_LL_SetUSBAddress
                0x080091ee       0x3e ./USB_DEVICE/Target/usbd_conf.o
                0x080091ee                USBD_LL_SetUSBAddress
 .text.USBD_LL_Transmit
                0x0800922c       0x46 ./USB_DEVICE/Target/usbd_conf.o
                0x0800922c                USBD_LL_Transmit
 .text.USBD_LL_PrepareReceive
                0x08009272       0x46 ./USB_DEVICE/Target/usbd_conf.o
                0x08009272                USBD_LL_PrepareReceive
 .text.USBD_LL_GetRxDataSize
                0x080092b8       0x26 ./USB_DEVICE/Target/usbd_conf.o
                0x080092b8                USBD_LL_GetRxDataSize
 *fill*         0x080092de        0x2 
 .text.USBD_static_malloc
                0x080092e0       0x18 ./USB_DEVICE/Target/usbd_conf.o
                0x080092e0                USBD_static_malloc
 .text.USBD_static_free
                0x080092f8       0x12 ./USB_DEVICE/Target/usbd_conf.o
                0x080092f8                USBD_static_free
 .text.HAL_PCDEx_SetConnectionState
                0x0800930a       0x16 ./USB_DEVICE/Target/usbd_conf.o
                0x0800930a                HAL_PCDEx_SetConnectionState
 .text.USBD_Get_USB_Status
                0x08009320       0x58 ./USB_DEVICE/Target/usbd_conf.o
 .text.sprintf  0x08009378       0x40 D:/ST/STM32CubeIDE_1.16.1/STM32CubeIDE/plugins/com.st.stm32cube.ide.mcu.externaltools.gnu-tools-for-stm32.12.3.rel1.win32_1.0.200.202406191623/tools/bin/../lib/gcc/arm-none-eabi/12.3.1/../../../../arm-none-eabi/lib/thumb/v7-m/nofp\libc_nano.a(libc_a-sprintf.o)
                0x08009378                siprintf
                0x08009378                sprintf
 .text.memset   0x080093b8       0x10 D:/ST/STM32CubeIDE_1.16.1/STM32CubeIDE/plugins/com.st.stm32cube.ide.mcu.externaltools.gnu-tools-for-stm32.12.3.rel1.win32_1.0.200.202406191623/tools/bin/../lib/gcc/arm-none-eabi/12.3.1/../../../../arm-none-eabi/lib/thumb/v7-m/nofp\libc_nano.a(libc_a-memset.o)
                0x080093b8                memset
 .text.strncmp  0x080093c8       0x24 D:/ST/STM32CubeIDE_1.16.1/STM32CubeIDE/plugins/com.st.stm32cube.ide.mcu.externaltools.gnu-tools-for-stm32.12.3.rel1.win32_1.0.200.202406191623/tools/bin/../lib/gcc/arm-none-eabi/12.3.1/../../../../arm-none-eabi/lib/thumb/v7-m/nofp\libc_nano.a(libc_a-strncmp.o)
                0x080093c8                strncmp
 .text.__errno  0x080093ec        0xc D:/ST/STM32CubeIDE_1.16.1/STM32CubeIDE/plugins/com.st.stm32cube.ide.mcu.externaltools.gnu-tools-for-stm32.12.3.rel1.win32_1.0.200.202406191623/tools/bin/../lib/gcc/arm-none-eabi/12.3.1/../../../../arm-none-eabi/lib/thumb/v7-m/nofp\libc_nano.a(libc_a-errno.o)
                0x080093ec                __errno
 .text.__libc_init_array
                0x080093f8       0x48 D:/ST/STM32CubeIDE_1.16.1/STM32CubeIDE/plugins/com.st.stm32cube.ide.mcu.externaltools.gnu-tools-for-stm32.12.3.rel1.win32_1.0.200.202406191623/tools/bin/../lib/gcc/arm-none-eabi/12.3.1/../../../../arm-none-eabi/lib/thumb/v7-m/nofp\libc_nano.a(libc_a-init.o)
                0x080093f8                __libc_init_array
 .text.__retarget_lock_acquire_recursive
                0x08009440        0x2 D:/ST/STM32CubeIDE_1.16.1/STM32CubeIDE/plugins/com.st.stm32cube.ide.mcu.externaltools.gnu-tools-for-stm32.12.3.rel1.win32_1.0.200.202406191623/tools/bin/../lib/gcc/arm-none-eabi/12.3.1/../../../../arm-none-eabi/lib/thumb/v7-m/nofp\libc_nano.a(libc_a-lock.o)
                0x08009440                __retarget_lock_acquire_recursive
 .text.__retarget_lock_release_recursive
                0x08009442        0x2 D:/ST/STM32CubeIDE_1.16.1/STM32CubeIDE/plugins/com.st.stm32cube.ide.mcu.externaltools.gnu-tools-for-stm32.12.3.rel1.win32_1.0.200.202406191623/tools/bin/../lib/gcc/arm-none-eabi/12.3.1/../../../../arm-none-eabi/lib/thumb/v7-m/nofp\libc_nano.a(libc_a-lock.o)
                0x08009442                __retarget_lock_release_recursive
 .text.memcpy   0x08009444       0x1c D:/ST/STM32CubeIDE_1.16.1/STM32CubeIDE/plugins/com.st.stm32cube.ide.mcu.externaltools.gnu-tools-for-stm32.12.3.rel1.win32_1.0.200.202406191623/tools/bin/../lib/gcc/arm-none-eabi/12.3.1/../../../../arm-none-eabi/lib/thumb/v7-m/nofp\libc_nano.a(libc_a-memcpy-stub.o)
                0x08009444                memcpy
 .text._free_r  0x08009460       0x90 D:/ST/STM32CubeIDE_1.16.1/STM32CubeIDE/plugins/com.st.stm32cube.ide.mcu.externaltools.gnu-tools-for-stm32.12.3.rel1.win32_1.0.200.202406191623/tools/bin/../lib/gcc/arm-none-eabi/12.3.1/../../../../arm-none-eabi/lib/thumb/v7-m/nofp\libc_nano.a(libc_a-freer.o)
                0x08009460                _free_r
 .text.sbrk_aligned
                0x080094f0       0x44 D:/ST/STM32CubeIDE_1.16.1/STM32CubeIDE/plugins/com.st.stm32cube.ide.mcu.externaltools.gnu-tools-for-stm32.12.3.rel1.win32_1.0.200.202406191623/tools/bin/../lib/gcc/arm-none-eabi/12.3.1/../../../../arm-none-eabi/lib/thumb/v7-m/nofp\libc_nano.a(libc_a-mallocr.o)
 .text._malloc_r
                0x08009534      0x100 D:/ST/STM32CubeIDE_1.16.1/STM32CubeIDE/plugins/com.st.stm32cube.ide.mcu.externaltools.gnu-tools-for-stm32.12.3.rel1.win32_1.0.200.202406191623/tools/bin/../lib/gcc/arm-none-eabi/12.3.1/../../../../arm-none-eabi/lib/thumb/v7-m/nofp\libc_nano.a(libc_a-mallocr.o)
                0x08009534                _malloc_r
 .text.__malloc_lock
                0x08009634        0xc D:/ST/STM32CubeIDE_1.16.1/STM32CubeIDE/plugins/com.st.stm32cube.ide.mcu.externaltools.gnu-tools-for-stm32.12.3.rel1.win32_1.0.200.202406191623/tools/bin/../lib/gcc/arm-none-eabi/12.3.1/../../../../arm-none-eabi/lib/thumb/v7-m/nofp\libc_nano.a(libc_a-mlock.o)
                0x08009634                __malloc_lock
 .text.__malloc_unlock
                0x08009640        0xc D:/ST/STM32CubeIDE_1.16.1/STM32CubeIDE/plugins/com.st.stm32cube.ide.mcu.externaltools.gnu-tools-for-stm32.12.3.rel1.win32_1.0.200.202406191623/tools/bin/../lib/gcc/arm-none-eabi/12.3.1/../../../../arm-none-eabi/lib/thumb/v7-m/nofp\libc_nano.a(libc_a-mlock.o)
                0x08009640                __malloc_unlock
 .text.__ssputs_r
                0x0800964c       0xb6 D:/ST/STM32CubeIDE_1.16.1/STM32CubeIDE/plugins/com.st.stm32cube.ide.mcu.externaltools.gnu-tools-for-stm32.12.3.rel1.win32_1.0.200.202406191623/tools/bin/../lib/gcc/arm-none-eabi/12.3.1/../../../../arm-none-eabi/lib/thumb/v7-m/nofp\libc_nano.a(libc_a-nano-svfprintf.o)
                0x0800964c                __ssputs_r
 *fill*         0x08009702        0x2 
 .text._svfprintf_r
                0x08009704      0x1f8 D:/ST/STM32CubeIDE_1.16.1/STM32CubeIDE/plugins/com.st.stm32cube.ide.mcu.externaltools.gnu-tools-for-stm32.12.3.rel1.win32_1.0.200.202406191623/tools/bin/../lib/gcc/arm-none-eabi/12.3.1/../../../../arm-none-eabi/lib/thumb/v7-m/nofp\libc_nano.a(libc_a-nano-svfprintf.o)
                0x08009704                _svfiprintf_r
                0x08009704                _svfprintf_r
 .text._printf_common
                0x080098fc       0xe4 D:/ST/STM32CubeIDE_1.16.1/STM32CubeIDE/plugins/com.st.stm32cube.ide.mcu.externaltools.gnu-tools-for-stm32.12.3.rel1.win32_1.0.200.202406191623/tools/bin/../lib/gcc/arm-none-eabi/12.3.1/../../../../arm-none-eabi/lib/thumb/v7-m/nofp\libc_nano.a(libc_a-nano-vfprintf_i.o)
                0x080098fc                _printf_common
 .text._printf_i
                0x080099e0      0x240 D:/ST/STM32CubeIDE_1.16.1/STM32CubeIDE/plugins/com.st.stm32cube.ide.mcu.externaltools.gnu-tools-for-stm32.12.3.rel1.win32_1.0.200.202406191623/tools/bin/../lib/gcc/arm-none-eabi/12.3.1/../../../../arm-none-eabi/lib/thumb/v7-m/nofp\libc_nano.a(libc_a-nano-vfprintf_i.o)
                0x080099e0                _printf_i
 .text.memmove  0x08009c20       0x34 D:/ST/STM32CubeIDE_1.16.1/STM32CubeIDE/plugins/com.st.stm32cube.ide.mcu.externaltools.gnu-tools-for-stm32.12.3.rel1.win32_1.0.200.202406191623/tools/bin/../lib/gcc/arm-none-eabi/12.3.1/../../../../arm-none-eabi/lib/thumb/v7-m/nofp\libc_nano.a(libc_a-memmove.o)
                0x08009c20                memmove
 .text._sbrk_r  0x08009c54       0x20 D:/ST/STM32CubeIDE_1.16.1/STM32CubeIDE/plugins/com.st.stm32cube.ide.mcu.externaltools.gnu-tools-for-stm32.12.3.rel1.win32_1.0.200.202406191623/tools/bin/../lib/gcc/arm-none-eabi/12.3.1/../../../../arm-none-eabi/lib/thumb/v7-m/nofp\libc_nano.a(libc_a-sbrkr.o)
                0x08009c54                _sbrk_r
 .text.memchr   0x08009c74       0x1c D:/ST/STM32CubeIDE_1.16.1/STM32CubeIDE/plugins/com.st.stm32cube.ide.mcu.externaltools.gnu-tools-for-stm32.12.3.rel1.win32_1.0.200.202406191623/tools/bin/../lib/gcc/arm-none-eabi/12.3.1/../../../../arm-none-eabi/lib/thumb/v7-m/nofp\libc_nano.a(libc_a-memchr-stub.o)
                0x08009c74                memchr
 .text._realloc_r
                0x08009c90       0x5c D:/ST/STM32CubeIDE_1.16.1/STM32CubeIDE/plugins/com.st.stm32cube.ide.mcu.externaltools.gnu-tools-for-stm32.12.3.rel1.win32_1.0.200.202406191623/tools/bin/../lib/gcc/arm-none-eabi/12.3.1/../../../../arm-none-eabi/lib/thumb/v7-m/nofp\libc_nano.a(libc_a-reallocr.o)
                0x08009c90                _realloc_r
 .text._malloc_usable_size_r
                0x08009cec       0x10 D:/ST/STM32CubeIDE_1.16.1/STM32CubeIDE/plugins/com.st.stm32cube.ide.mcu.externaltools.gnu-tools-for-stm32.12.3.rel1.win32_1.0.200.202406191623/tools/bin/../lib/gcc/arm-none-eabi/12.3.1/../../../../arm-none-eabi/lib/thumb/v7-m/nofp\libc_nano.a(libc_a-msizer.o)
                0x08009cec                _malloc_usable_size_r
 *(.glue_7)
 .glue_7        0x08009cfc        0x0 linker stubs
 *(.glue_7t)
 .glue_7t       0x08009cfc        0x0 linker stubs
 *(.eh_frame)
 .eh_frame      0x08009cfc        0x0 D:/ST/STM32CubeIDE_1.16.1/STM32CubeIDE/plugins/com.st.stm32cube.ide.mcu.externaltools.gnu-tools-for-stm32.12.3.rel1.win32_1.0.200.202406191623/tools/bin/../lib/gcc/arm-none-eabi/12.3.1/thumb/v7-m/nofp/crtbegin.o
 *(.init)
 .init          0x08009cfc        0x4 D:/ST/STM32CubeIDE_1.16.1/STM32CubeIDE/plugins/com.st.stm32cube.ide.mcu.externaltools.gnu-tools-for-stm32.12.3.rel1.win32_1.0.200.202406191623/tools/bin/../lib/gcc/arm-none-eabi/12.3.1/thumb/v7-m/nofp/crti.o
                0x08009cfc                _init
 .init          0x08009d00        0x8 D:/ST/STM32CubeIDE_1.16.1/STM32CubeIDE/plugins/com.st.stm32cube.ide.mcu.externaltools.gnu-tools-for-stm32.12.3.rel1.win32_1.0.200.202406191623/tools/bin/../lib/gcc/arm-none-eabi/12.3.1/thumb/v7-m/nofp/crtn.o
 *(.fini)
 .fini          0x08009d08        0x4 D:/ST/STM32CubeIDE_1.16.1/STM32CubeIDE/plugins/com.st.stm32cube.ide.mcu.externaltools.gnu-tools-for-stm32.12.3.rel1.win32_1.0.200.202406191623/tools/bin/../lib/gcc/arm-none-eabi/12.3.1/thumb/v7-m/nofp/crti.o
                0x08009d08                _fini
 .fini          0x08009d0c        0x8 D:/ST/STM32CubeIDE_1.16.1/STM32CubeIDE/plugins/com.st.stm32cube.ide.mcu.externaltools.gnu-tools-for-stm32.12.3.rel1.win32_1.0.200.202406191623/tools/bin/../lib/gcc/arm-none-eabi/12.3.1/thumb/v7-m/nofp/crtn.o
                0x08009d14                        . = ALIGN (0x4)
                0x08009d14                        _etext = .

.vfp11_veneer   0x08009d14        0x0
 .vfp11_veneer  0x08009d14        0x0 linker stubs

.v4_bx          0x08009d14        0x0
 .v4_bx         0x08009d14        0x0 linker stubs

.iplt           0x08009d14        0x0
 .iplt          0x08009d14        0x0 D:/ST/STM32CubeIDE_1.16.1/STM32CubeIDE/plugins/com.st.stm32cube.ide.mcu.externaltools.gnu-tools-for-stm32.12.3.rel1.win32_1.0.200.202406191623/tools/bin/../lib/gcc/arm-none-eabi/12.3.1/thumb/v7-m/nofp/crtbegin.o

.rodata         0x08009d14      0x118
                0x08009d14                        . = ALIGN (0x4)
 *(.rodata)
 .rodata        0x08009d14       0x5b ./Core/Src/main.o
 *fill*         0x08009d6f        0x1 
 .rodata        0x08009d70       0x46 ./USB_DEVICE/App/usbd_desc.o
 *(.rodata*)
 *fill*         0x08009db6        0x2 
 .rodata.AHBPrescTable
                0x08009db8       0x10 ./Core/Src/system_stm32f1xx.o
                0x08009db8                AHBPrescTable
 .rodata.APBPrescTable
                0x08009dc8        0x8 ./Core/Src/system_stm32f1xx.o
                0x08009dc8                APBPrescTable
 .rodata.aPLLMULFactorTable.1
                0x08009dd0       0x10 ./Drivers/STM32F1xx_HAL_Driver/Src/stm32f1xx_hal_rcc.o
 .rodata.aPredivFactorTable.0
                0x08009de0        0x2 ./Drivers/STM32F1xx_HAL_Driver/Src/stm32f1xx_hal_rcc.o
 *fill*         0x08009de2        0x2 
 .rodata.aPLLMULFactorTable.1
                0x08009de4       0x10 ./Drivers/STM32F1xx_HAL_Driver/Src/stm32f1xx_hal_rcc_ex.o
 .rodata.aPredivFactorTable.0
                0x08009df4        0x2 ./Drivers/STM32F1xx_HAL_Driver/Src/stm32f1xx_hal_rcc_ex.o
 .rodata._svfprintf_r.str1.1
                0x08009df6       0x11 D:/ST/STM32CubeIDE_1.16.1/STM32CubeIDE/plugins/com.st.stm32cube.ide.mcu.externaltools.gnu-tools-for-stm32.12.3.rel1.win32_1.0.200.202406191623/tools/bin/../lib/gcc/arm-none-eabi/12.3.1/../../../../arm-none-eabi/lib/thumb/v7-m/nofp\libc_nano.a(libc_a-nano-svfprintf.o)
 .rodata._printf_i.str1.1
                0x08009e07       0x22 D:/ST/STM32CubeIDE_1.16.1/STM32CubeIDE/plugins/com.st.stm32cube.ide.mcu.externaltools.gnu-tools-for-stm32.12.3.rel1.win32_1.0.200.202406191623/tools/bin/../lib/gcc/arm-none-eabi/12.3.1/../../../../arm-none-eabi/lib/thumb/v7-m/nofp\libc_nano.a(libc_a-nano-vfprintf_i.o)
                0x08009e2c                        . = ALIGN (0x4)
 *fill*         0x08009e29        0x3 

.ARM.extab      0x08009e2c        0x0
                0x08009e2c                        . = ALIGN (0x4)
 *(.ARM.extab* .gnu.linkonce.armextab.*)
                0x08009e2c                        . = ALIGN (0x4)

.ARM            0x08009e2c        0x8
                0x08009e2c                        . = ALIGN (0x4)
                0x08009e2c                        __exidx_start = .
 *(.ARM.exidx*)
 .ARM.exidx     0x08009e2c        0x8 D:/ST/STM32CubeIDE_1.16.1/STM32CubeIDE/plugins/com.st.stm32cube.ide.mcu.externaltools.gnu-tools-for-stm32.12.3.rel1.win32_1.0.200.202406191623/tools/bin/../lib/gcc/arm-none-eabi/12.3.1/../../../../arm-none-eabi/lib/thumb/v7-m/nofp\libc_nano.a(libc_a-strlen.o)
                0x08009e34                        __exidx_end = .
                0x08009e34                        . = ALIGN (0x4)

.preinit_array  0x08009e34        0x0
                0x08009e34                        . = ALIGN (0x4)
                0x08009e34                        PROVIDE (__preinit_array_start = .)
 *(.preinit_array*)
                0x08009e34                        PROVIDE (__preinit_array_end = .)
                0x08009e34                        . = ALIGN (0x4)

.init_array     0x08009e34        0x4
                0x08009e34                        . = ALIGN (0x4)
                0x08009e34                        PROVIDE (__init_array_start = .)
 *(SORT_BY_NAME(.init_array.*))
 *(.init_array*)
 .init_array    0x08009e34        0x4 D:/ST/STM32CubeIDE_1.16.1/STM32CubeIDE/plugins/com.st.stm32cube.ide.mcu.externaltools.gnu-tools-for-stm32.12.3.rel1.win32_1.0.200.202406191623/tools/bin/../lib/gcc/arm-none-eabi/12.3.1/thumb/v7-m/nofp/crtbegin.o
                0x08009e38                        PROVIDE (__init_array_end = .)
                0x08009e38                        . = ALIGN (0x4)

.fini_array     0x08009e38        0x4
                0x08009e38                        . = ALIGN (0x4)
                [!provide]                        PROVIDE (__fini_array_start = .)
 *(SORT_BY_NAME(.fini_array.*))
 *(.fini_array*)
 .fini_array    0x08009e38        0x4 D:/ST/STM32CubeIDE_1.16.1/STM32CubeIDE/plugins/com.st.stm32cube.ide.mcu.externaltools.gnu-tools-for-stm32.12.3.rel1.win32_1.0.200.202406191623/tools/bin/../lib/gcc/arm-none-eabi/12.3.1/thumb/v7-m/nofp/crtbegin.o
                [!provide]                        PROVIDE (__fini_array_end = .)
                0x08009e3c                        . = ALIGN (0x4)
                0x08009e3c                        _sidata = LOADADDR (.data)

.rel.dyn        0x08009e3c        0x0
 .rel.iplt      0x08009e3c        0x0 D:/ST/STM32CubeIDE_1.16.1/STM32CubeIDE/plugins/com.st.stm32cube.ide.mcu.externaltools.gnu-tools-for-stm32.12.3.rel1.win32_1.0.200.202406191623/tools/bin/../lib/gcc/arm-none-eabi/12.3.1/thumb/v7-m/nofp/crtbegin.o

.data           0x20000000      0x1f0 load address 0x08009e3c
                0x20000000                        . = ALIGN (0x4)
                0x20000000                        _sdata = .
 *(.data)
 *(.data*)
 .data.startCom
                0x20000000        0x6 ./Core/Src/main.o
                0x20000000                startCom
 *fill*         0x20000006        0x2 
 .data.stopCom  0x20000008        0x5 ./Core/Src/main.o
                0x20000008                stopCom
 *fill*         0x2000000d        0x3 
 .data.adcStartCom
                0x20000010        0x9 ./Core/Src/main.o
                0x20000010                adcStartCom
 *fill*         0x20000019        0x3 
 .data.adcStopCom
                0x2000001c        0x8 ./Core/Src/main.o
                0x2000001c                adcStopCom
 .data.SystemCoreClock
                0x20000024        0x4 ./Core/Src/system_stm32f1xx.o
                0x20000024                SystemCoreClock
 .data.uwTickPrio
                0x20000028        0x4 ./Drivers/STM32F1xx_HAL_Driver/Src/stm32f1xx_hal.o
                0x20000028                uwTickPrio
 .data.uwTickFreq
                0x2000002c        0x1 ./Drivers/STM32F1xx_HAL_Driver/Src/stm32f1xx_hal.o
                0x2000002c                uwTickFreq
 *fill*         0x2000002d        0x3 
 .data.USBD_CDC_DeviceQualifierDesc
                0x20000030        0xa ./Middlewares/ST/STM32_USB_Device_Library/Class/CDC/Src/usbd_cdc.o
 *fill*         0x2000003a        0x2 
 .data.USBD_CDC
                0x2000003c       0x38 ./Middlewares/ST/STM32_USB_Device_Library/Class/CDC/Src/usbd_cdc.o
                0x2000003c                USBD_CDC
 .data.USBD_CDC_CfgHSDesc
                0x20000074       0x43 ./Middlewares/ST/STM32_USB_Device_Library/Class/CDC/Src/usbd_cdc.o
                0x20000074                USBD_CDC_CfgHSDesc
 *fill*         0x200000b7        0x1 
 .data.USBD_CDC_CfgFSDesc
                0x200000b8       0x43 ./Middlewares/ST/STM32_USB_Device_Library/Class/CDC/Src/usbd_cdc.o
                0x200000b8                USBD_CDC_CfgFSDesc
 *fill*         0x200000fb        0x1 
 .data.USBD_CDC_OtherSpeedCfgDesc
                0x200000fc       0x43 ./Middlewares/ST/STM32_USB_Device_Library/Class/CDC/Src/usbd_cdc.o
                0x200000fc                USBD_CDC_OtherSpeedCfgDesc
 *fill*         0x2000013f        0x1 
 .data.USBD_Interface_fops_FS
                0x20000140       0x10 ./USB_DEVICE/App/usbd_cdc_if.o
                0x20000140                USBD_Interface_fops_FS
 .data.FS_Desc  0x20000150       0x1c ./USB_DEVICE/App/usbd_desc.o
                0x20000150                FS_Desc
 .data.USBD_FS_DeviceDesc
                0x2000016c       0x12 ./USB_DEVICE/App/usbd_desc.o
                0x2000016c                USBD_FS_DeviceDesc
 *fill*         0x2000017e        0x2 
 .data.USBD_LangIDDesc
                0x20000180        0x4 ./USB_DEVICE/App/usbd_desc.o
                0x20000180                USBD_LangIDDesc
 .data.USBD_StringSerial
                0x20000184       0x1a ./USB_DEVICE/App/usbd_desc.o
                0x20000184                USBD_StringSerial
 *fill*         0x2000019e        0x2 
 .data._impure_ptr
                0x200001a0        0x4 D:/ST/STM32CubeIDE_1.16.1/STM32CubeIDE/plugins/com.st.stm32cube.ide.mcu.externaltools.gnu-tools-for-stm32.12.3.rel1.win32_1.0.200.202406191623/tools/bin/../lib/gcc/arm-none-eabi/12.3.1/../../../../arm-none-eabi/lib/thumb/v7-m/nofp\libc_nano.a(libc_a-impure.o)
                0x200001a0                _impure_ptr
 .data._impure_data
                0x200001a4       0x4c D:/ST/STM32CubeIDE_1.16.1/STM32CubeIDE/plugins/com.st.stm32cube.ide.mcu.externaltools.gnu-tools-for-stm32.12.3.rel1.win32_1.0.200.202406191623/tools/bin/../lib/gcc/arm-none-eabi/12.3.1/../../../../arm-none-eabi/lib/thumb/v7-m/nofp\libc_nano.a(libc_a-impure.o)
                0x200001a4                _impure_data
 *(.RamFunc)
 *(.RamFunc*)
                0x200001f0                        . = ALIGN (0x4)
                0x200001f0                        _edata = .

.igot.plt       0x200001f0        0x0 load address 0x0800a02c
 .igot.plt      0x200001f0        0x0 D:/ST/STM32CubeIDE_1.16.1/STM32CubeIDE/plugins/com.st.stm32cube.ide.mcu.externaltools.gnu-tools-for-stm32.12.3.rel1.win32_1.0.200.202406191623/tools/bin/../lib/gcc/arm-none-eabi/12.3.1/thumb/v7-m/nofp/crtbegin.o
                0x200001f0                        . = ALIGN (0x4)

.bss            0x200001f0     0x14bc load address 0x0800a02c
                0x200001f0                        _sbss = .
                0x200001f0                        __bss_start__ = _sbss
 *(.bss)
 .bss           0x200001f0       0x1c D:/ST/STM32CubeIDE_1.16.1/STM32CubeIDE/plugins/com.st.stm32cube.ide.mcu.externaltools.gnu-tools-for-stm32.12.3.rel1.win32_1.0.200.202406191623/tools/bin/../lib/gcc/arm-none-eabi/12.3.1/thumb/v7-m/nofp/crtbegin.o
 *(.bss*)
 .bss.hadc1     0x2000020c       0x30 ./Core/Src/main.o
                0x2000020c                hadc1
 .bss.hdma_adc1
                0x2000023c       0x44 ./Core/Src/main.o
                0x2000023c                hdma_adc1
 .bss.htim2     0x20000280       0x48 ./Core/Src/main.o
                0x20000280                htim2
 .bss.htim3     0x200002c8       0x48 ./Core/Src/main.o
                0x200002c8                htim3
 .bss.seconds   0x20000310        0x4 ./Core/Src/main.o
                0x20000310                seconds
 .bss.command   0x20000314       0x20 ./Core/Src/main.o
                0x20000314                command
 .bss.message   0x20000334       0x20 ./Core/Src/main.o
                0x20000334                message
 .bss.adc_message
                0x20000354       0x40 ./Core/Src/main.o
                0x20000354                adc_message
 .bss.RxLen     0x20000394        0x1 ./Core/Src/main.o
                0x20000394                RxLen
 *fill*         0x20000395        0x3 
 .bss.adc_buf   0x20000398        0x4 ./Core/Src/main.o
                0x20000398                adc_buf
 .bss.__sbrk_heap_end
                0x2000039c        0x4 ./Core/Src/sysmem.o
 .bss.uwTick    0x200003a0        0x4 ./Drivers/STM32F1xx_HAL_Driver/Src/stm32f1xx_hal.o
                0x200003a0                uwTick
 .bss.cfgidx.0  0x200003a4        0x1 ./Middlewares/ST/STM32_USB_Device_Library/Core/Src/usbd_ctlreq.o
 *fill*         0x200003a5        0x3 
 .bss.hUsbDeviceFS
                0x200003a8      0x2c4 ./USB_DEVICE/App/usb_device.o
                0x200003a8                hUsbDeviceFS
 .bss.UserRxBufferFS
                0x2000066c      0x400 ./USB_DEVICE/App/usbd_cdc_if.o
                0x2000066c                UserRxBufferFS
 .bss.UserTxBufferFS
                0x20000a6c      0x400 ./USB_DEVICE/App/usbd_cdc_if.o
                0x20000a6c                UserTxBufferFS
 .bss.USBD_StrDesc
                0x20000e6c      0x200 ./USB_DEVICE/App/usbd_desc.o
                0x20000e6c                USBD_StrDesc
 .bss.hpcd_USB_FS
                0x2000106c      0x2d8 ./USB_DEVICE/Target/usbd_conf.o
                0x2000106c                hpcd_USB_FS
 .bss.mem.0     0x20001344      0x220 ./USB_DEVICE/Target/usbd_conf.o
 .bss.__sf      0x20001564      0x138 D:/ST/STM32CubeIDE_1.16.1/STM32CubeIDE/plugins/com.st.stm32cube.ide.mcu.externaltools.gnu-tools-for-stm32.12.3.rel1.win32_1.0.200.202406191623/tools/bin/../lib/gcc/arm-none-eabi/12.3.1/../../../../arm-none-eabi/lib/thumb/v7-m/nofp\libc_nano.a(libc_a-findfp.o)
                0x20001564                __sf
 .bss.errno     0x2000169c        0x4 D:/ST/STM32CubeIDE_1.16.1/STM32CubeIDE/plugins/com.st.stm32cube.ide.mcu.externaltools.gnu-tools-for-stm32.12.3.rel1.win32_1.0.200.202406191623/tools/bin/../lib/gcc/arm-none-eabi/12.3.1/../../../../arm-none-eabi/lib/thumb/v7-m/nofp\libc_nano.a(libc_a-reent.o)
                0x2000169c                errno
 .bss.__lock___malloc_recursive_mutex
                0x200016a0        0x1 D:/ST/STM32CubeIDE_1.16.1/STM32CubeIDE/plugins/com.st.stm32cube.ide.mcu.externaltools.gnu-tools-for-stm32.12.3.rel1.win32_1.0.200.202406191623/tools/bin/../lib/gcc/arm-none-eabi/12.3.1/../../../../arm-none-eabi/lib/thumb/v7-m/nofp\libc_nano.a(libc_a-lock.o)
                0x200016a0                __lock___malloc_recursive_mutex
 *fill*         0x200016a1        0x3 
 .bss.__malloc_sbrk_start
                0x200016a4        0x4 D:/ST/STM32CubeIDE_1.16.1/STM32CubeIDE/plugins/com.st.stm32cube.ide.mcu.externaltools.gnu-tools-for-stm32.12.3.rel1.win32_1.0.200.202406191623/tools/bin/../lib/gcc/arm-none-eabi/12.3.1/../../../../arm-none-eabi/lib/thumb/v7-m/nofp\libc_nano.a(libc_a-mallocr.o)
                0x200016a4                __malloc_sbrk_start
 .bss.__malloc_free_list
                0x200016a8        0x4 D:/ST/STM32CubeIDE_1.16.1/STM32CubeIDE/plugins/com.st.stm32cube.ide.mcu.externaltools.gnu-tools-for-stm32.12.3.rel1.win32_1.0.200.202406191623/tools/bin/../lib/gcc/arm-none-eabi/12.3.1/../../../../arm-none-eabi/lib/thumb/v7-m/nofp\libc_nano.a(libc_a-mallocr.o)
                0x200016a8                __malloc_free_list
 *(COMMON)
                0x200016ac                        . = ALIGN (0x4)
                0x200016ac                        _ebss = .
                0x200016ac                        __bss_end__ = _ebss

._user_heap_stack
                0x200016ac      0x604 load address 0x0800a02c
                0x200016b0                        . = ALIGN (0x8)
 *fill*         0x200016ac        0x4 
                [!provide]                        PROVIDE (end = .)
                0x200016b0                        PROVIDE (_end = .)
                0x200018b0                        . = (. + _Min_Heap_Size)
 *fill*         0x200016b0      0x200 
                0x20001cb0                        . = (. + _Min_Stack_Size)
 *fill*         0x200018b0      0x400 
                0x20001cb0                        . = ALIGN (0x8)

/DISCARD/
 libc.a(*)
 libm.a(*)
 libgcc.a(*)

.ARM.attributes
                0x00000000       0x29
 *(.ARM.attributes)
 .ARM.attributes
                0x00000000       0x1d D:/ST/STM32CubeIDE_1.16.1/STM32CubeIDE/plugins/com.st.stm32cube.ide.mcu.externaltools.gnu-tools-for-stm32.12.3.rel1.win32_1.0.200.202406191623/tools/bin/../lib/gcc/arm-none-eabi/12.3.1/thumb/v7-m/nofp/crti.o
 .ARM.attributes
                0x0000001d       0x2d D:/ST/STM32CubeIDE_1.16.1/STM32CubeIDE/plugins/com.st.stm32cube.ide.mcu.externaltools.gnu-tools-for-stm32.12.3.rel1.win32_1.0.200.202406191623/tools/bin/../lib/gcc/arm-none-eabi/12.3.1/thumb/v7-m/nofp/crtbegin.o
 .ARM.attributes
                0x0000004a       0x2d ./Core/Src/main.o
 .ARM.attributes
                0x00000077       0x2d ./Core/Src/stm32f1xx_hal_msp.o
 .ARM.attributes
                0x000000a4       0x2d ./Core/Src/stm32f1xx_it.o
 .ARM.attributes
                0x000000d1       0x2d ./Core/Src/sysmem.o
 .ARM.attributes
                0x000000fe       0x2d ./Core/Src/system_stm32f1xx.o
 .ARM.attributes
                0x0000012b       0x21 ./Core/Startup/startup_stm32f103c8tx.o
 .ARM.attributes
                0x0000014c       0x2d ./Drivers/STM32F1xx_HAL_Driver/Src/stm32f1xx_hal.o
 .ARM.attributes
                0x00000179       0x2d ./Drivers/STM32F1xx_HAL_Driver/Src/stm32f1xx_hal_adc.o
 .ARM.attributes
                0x000001a6       0x2d ./Drivers/STM32F1xx_HAL_Driver/Src/stm32f1xx_hal_adc_ex.o
 .ARM.attributes
                0x000001d3       0x2d ./Drivers/STM32F1xx_HAL_Driver/Src/stm32f1xx_hal_cortex.o
 .ARM.attributes
                0x00000200       0x2d ./Drivers/STM32F1xx_HAL_Driver/Src/stm32f1xx_hal_dma.o
 .ARM.attributes
                0x0000022d       0x2d ./Drivers/STM32F1xx_HAL_Driver/Src/stm32f1xx_hal_gpio.o
 .ARM.attributes
                0x0000025a       0x2d ./Drivers/STM32F1xx_HAL_Driver/Src/stm32f1xx_hal_pcd.o
 .ARM.attributes
                0x00000287       0x2d ./Drivers/STM32F1xx_HAL_Driver/Src/stm32f1xx_hal_pcd_ex.o
 .ARM.attributes
                0x000002b4       0x2d ./Drivers/STM32F1xx_HAL_Driver/Src/stm32f1xx_hal_rcc.o
 .ARM.attributes
                0x000002e1       0x2d ./Drivers/STM32F1xx_HAL_Driver/Src/stm32f1xx_hal_rcc_ex.o
 .ARM.attributes
                0x0000030e       0x2d ./Drivers/STM32F1xx_HAL_Driver/Src/stm32f1xx_hal_tim.o
 .ARM.attributes
                0x0000033b       0x2d ./Drivers/STM32F1xx_HAL_Driver/Src/stm32f1xx_hal_tim_ex.o
 .ARM.attributes
                0x00000368       0x2d ./Drivers/STM32F1xx_HAL_Driver/Src/stm32f1xx_ll_usb.o
 .ARM.attributes
                0x00000395       0x2d ./Middlewares/ST/STM32_USB_Device_Library/Class/CDC/Src/usbd_cdc.o
 .ARM.attributes
                0x000003c2       0x2d ./Middlewares/ST/STM32_USB_Device_Library/Core/Src/usbd_core.o
 .ARM.attributes
                0x000003ef       0x2d ./Middlewares/ST/STM32_USB_Device_Library/Core/Src/usbd_ctlreq.o
 .ARM.attributes
                0x0000041c       0x2d ./Middlewares/ST/STM32_USB_Device_Library/Core/Src/usbd_ioreq.o
 .ARM.attributes
                0x00000449       0x2d ./USB_DEVICE/App/usb_device.o
 .ARM.attributes
                0x00000476       0x2d ./USB_DEVICE/App/usbd_cdc_if.o
 .ARM.attributes
                0x000004a3       0x2d ./USB_DEVICE/App/usbd_desc.o
 .ARM.attributes
                0x000004d0       0x2d ./USB_DEVICE/Target/usbd_conf.o
 .ARM.attributes
                0x000004fd       0x2d D:/ST/STM32CubeIDE_1.16.1/STM32CubeIDE/plugins/com.st.stm32cube.ide.mcu.externaltools.gnu-tools-for-stm32.12.3.rel1.win32_1.0.200.202406191623/tools/bin/../lib/gcc/arm-none-eabi/12.3.1/../../../../arm-none-eabi/lib/thumb/v7-m/nofp\libc_nano.a(libc_a-findfp.o)
 .ARM.attributes
                0x0000052a       0x2d D:/ST/STM32CubeIDE_1.16.1/STM32CubeIDE/plugins/com.st.stm32cube.ide.mcu.externaltools.gnu-tools-for-stm32.12.3.rel1.win32_1.0.200.202406191623/tools/bin/../lib/gcc/arm-none-eabi/12.3.1/../../../../arm-none-eabi/lib/thumb/v7-m/nofp\libc_nano.a(libc_a-sprintf.o)
 .ARM.attributes
                0x00000557       0x2d D:/ST/STM32CubeIDE_1.16.1/STM32CubeIDE/plugins/com.st.stm32cube.ide.mcu.externaltools.gnu-tools-for-stm32.12.3.rel1.win32_1.0.200.202406191623/tools/bin/../lib/gcc/arm-none-eabi/12.3.1/../../../../arm-none-eabi/lib/thumb/v7-m/nofp\libc_nano.a(libc_a-memset.o)
 .ARM.attributes
                0x00000584       0x2d D:/ST/STM32CubeIDE_1.16.1/STM32CubeIDE/plugins/com.st.stm32cube.ide.mcu.externaltools.gnu-tools-for-stm32.12.3.rel1.win32_1.0.200.202406191623/tools/bin/../lib/gcc/arm-none-eabi/12.3.1/../../../../arm-none-eabi/lib/thumb/v7-m/nofp\libc_nano.a(libc_a-strncmp.o)
 .ARM.attributes
                0x000005b1       0x2d D:/ST/STM32CubeIDE_1.16.1/STM32CubeIDE/plugins/com.st.stm32cube.ide.mcu.externaltools.gnu-tools-for-stm32.12.3.rel1.win32_1.0.200.202406191623/tools/bin/../lib/gcc/arm-none-eabi/12.3.1/../../../../arm-none-eabi/lib/thumb/v7-m/nofp\libc_nano.a(libc_a-reent.o)
 .ARM.attributes
                0x000005de       0x2d D:/ST/STM32CubeIDE_1.16.1/STM32CubeIDE/plugins/com.st.stm32cube.ide.mcu.externaltools.gnu-tools-for-stm32.12.3.rel1.win32_1.0.200.202406191623/tools/bin/../lib/gcc/arm-none-eabi/12.3.1/../../../../arm-none-eabi/lib/thumb/v7-m/nofp\libc_nano.a(libc_a-impure.o)
 .ARM.attributes
                0x0000060b       0x2d D:/ST/STM32CubeIDE_1.16.1/STM32CubeIDE/plugins/com.st.stm32cube.ide.mcu.externaltools.gnu-tools-for-stm32.12.3.rel1.win32_1.0.200.202406191623/tools/bin/../lib/gcc/arm-none-eabi/12.3.1/../../../../arm-none-eabi/lib/thumb/v7-m/nofp\libc_nano.a(libc_a-errno.o)
 .ARM.attributes
                0x00000638       0x2d D:/ST/STM32CubeIDE_1.16.1/STM32CubeIDE/plugins/com.st.stm32cube.ide.mcu.externaltools.gnu-tools-for-stm32.12.3.rel1.win32_1.0.200.202406191623/tools/bin/../lib/gcc/arm-none-eabi/12.3.1/../../../../arm-none-eabi/lib/thumb/v7-m/nofp\libc_nano.a(libc_a-init.o)
 .ARM.attributes
                0x00000665       0x2d D:/ST/STM32CubeIDE_1.16.1/STM32CubeIDE/plugins/com.st.stm32cube.ide.mcu.externaltools.gnu-tools-for-stm32.12.3.rel1.win32_1.0.200.202406191623/tools/bin/../lib/gcc/arm-none-eabi/12.3.1/../../../../arm-none-eabi/lib/thumb/v7-m/nofp\libc_nano.a(libc_a-lock.o)
 .ARM.attributes
                0x00000692       0x2d D:/ST/STM32CubeIDE_1.16.1/STM32CubeIDE/plugins/com.st.stm32cube.ide.mcu.externaltools.gnu-tools-for-stm32.12.3.rel1.win32_1.0.200.202406191623/tools/bin/../lib/gcc/arm-none-eabi/12.3.1/../../../../arm-none-eabi/lib/thumb/v7-m/nofp\libc_nano.a(libc_a-memcpy-stub.o)
 .ARM.attributes
                0x000006bf       0x17 D:/ST/STM32CubeIDE_1.16.1/STM32CubeIDE/plugins/com.st.stm32cube.ide.mcu.externaltools.gnu-tools-for-stm32.12.3.rel1.win32_1.0.200.202406191623/tools/bin/../lib/gcc/arm-none-eabi/12.3.1/../../../../arm-none-eabi/lib/thumb/v7-m/nofp\libc_nano.a(libc_a-strlen.o)
 .ARM.attributes
                0x000006d6       0x2d D:/ST/STM32CubeIDE_1.16.1/STM32CubeIDE/plugins/com.st.stm32cube.ide.mcu.externaltools.gnu-tools-for-stm32.12.3.rel1.win32_1.0.200.202406191623/tools/bin/../lib/gcc/arm-none-eabi/12.3.1/../../../../arm-none-eabi/lib/thumb/v7-m/nofp\libc_nano.a(libc_a-freer.o)
 .ARM.attributes
                0x00000703       0x2d D:/ST/STM32CubeIDE_1.16.1/STM32CubeIDE/plugins/com.st.stm32cube.ide.mcu.externaltools.gnu-tools-for-stm32.12.3.rel1.win32_1.0.200.202406191623/tools/bin/../lib/gcc/arm-none-eabi/12.3.1/../../../../arm-none-eabi/lib/thumb/v7-m/nofp\libc_nano.a(libc_a-mallocr.o)
 .ARM.attributes
                0x00000730       0x2d D:/ST/STM32CubeIDE_1.16.1/STM32CubeIDE/plugins/com.st.stm32cube.ide.mcu.externaltools.gnu-tools-for-stm32.12.3.rel1.win32_1.0.200.202406191623/tools/bin/../lib/gcc/arm-none-eabi/12.3.1/../../../../arm-none-eabi/lib/thumb/v7-m/nofp\libc_nano.a(libc_a-mlock.o)
 .ARM.attributes
                0x0000075d       0x2d D:/ST/STM32CubeIDE_1.16.1/STM32CubeIDE/plugins/com.st.stm32cube.ide.mcu.externaltools.gnu-tools-for-stm32.12.3.rel1.win32_1.0.200.202406191623/tools/bin/../lib/gcc/arm-none-eabi/12.3.1/../../../../arm-none-eabi/lib/thumb/v7-m/nofp\libc_nano.a(libc_a-nano-svfprintf.o)
 .ARM.attributes
                0x0000078a       0x2d D:/ST/STM32CubeIDE_1.16.1/STM32CubeIDE/plugins/com.st.stm32cube.ide.mcu.externaltools.gnu-tools-for-stm32.12.3.rel1.win32_1.0.200.202406191623/tools/bin/../lib/gcc/arm-none-eabi/12.3.1/../../../../arm-none-eabi/lib/thumb/v7-m/nofp\libc_nano.a(libc_a-nano-vfprintf_i.o)
 .ARM.attributes
                0x000007b7       0x2d D:/ST/STM32CubeIDE_1.16.1/STM32CubeIDE/plugins/com.st.stm32cube.ide.mcu.externaltools.gnu-tools-for-stm32.12.3.rel1.win32_1.0.200.202406191623/tools/bin/../lib/gcc/arm-none-eabi/12.3.1/../../../../arm-none-eabi/lib/thumb/v7-m/nofp\libc_nano.a(libc_a-memmove.o)
 .ARM.attributes
                0x000007e4       0x2d D:/ST/STM32CubeIDE_1.16.1/STM32CubeIDE/plugins/com.st.stm32cube.ide.mcu.externaltools.gnu-tools-for-stm32.12.3.rel1.win32_1.0.200.202406191623/tools/bin/../lib/gcc/arm-none-eabi/12.3.1/../../../../arm-none-eabi/lib/thumb/v7-m/nofp\libc_nano.a(libc_a-sbrkr.o)
 .ARM.attributes
                0x00000811       0x2d D:/ST/STM32CubeIDE_1.16.1/STM32CubeIDE/plugins/com.st.stm32cube.ide.mcu.externaltools.gnu-tools-for-stm32.12.3.rel1.win32_1.0.200.202406191623/tools/bin/../lib/gcc/arm-none-eabi/12.3.1/../../../../arm-none-eabi/lib/thumb/v7-m/nofp\libc_nano.a(libc_a-memchr-stub.o)
 .ARM.attributes
                0x0000083e       0x2d D:/ST/STM32CubeIDE_1.16.1/STM32CubeIDE/plugins/com.st.stm32cube.ide.mcu.externaltools.gnu-tools-for-stm32.12.3.rel1.win32_1.0.200.202406191623/tools/bin/../lib/gcc/arm-none-eabi/12.3.1/../../../../arm-none-eabi/lib/thumb/v7-m/nofp\libc_nano.a(libc_a-reallocr.o)
 .ARM.attributes
                0x0000086b       0x2d D:/ST/STM32CubeIDE_1.16.1/STM32CubeIDE/plugins/com.st.stm32cube.ide.mcu.externaltools.gnu-tools-for-stm32.12.3.rel1.win32_1.0.200.202406191623/tools/bin/../lib/gcc/arm-none-eabi/12.3.1/../../../../arm-none-eabi/lib/thumb/v7-m/nofp\libc_nano.a(libc_a-msizer.o)
 .ARM.attributes
                0x00000898       0x1d D:/ST/STM32CubeIDE_1.16.1/STM32CubeIDE/plugins/com.st.stm32cube.ide.mcu.externaltools.gnu-tools-for-stm32.12.3.rel1.win32_1.0.200.202406191623/tools/bin/../lib/gcc/arm-none-eabi/12.3.1/thumb/v7-m/nofp/crtn.o
OUTPUT(secondCounterAndVoltageMeter.elf elf32-littlearm)
LOAD linker stubs
LOAD D:/ST/STM32CubeIDE_1.16.1/STM32CubeIDE/plugins/com.st.stm32cube.ide.mcu.externaltools.gnu-tools-for-stm32.12.3.rel1.win32_1.0.200.202406191623/tools/bin/../lib/gcc/arm-none-eabi/12.3.1/../../../../arm-none-eabi/lib/thumb/v7-m/nofp\libc.a
LOAD D:/ST/STM32CubeIDE_1.16.1/STM32CubeIDE/plugins/com.st.stm32cube.ide.mcu.externaltools.gnu-tools-for-stm32.12.3.rel1.win32_1.0.200.202406191623/tools/bin/../lib/gcc/arm-none-eabi/12.3.1/../../../../arm-none-eabi/lib/thumb/v7-m/nofp\libm.a
LOAD D:/ST/STM32CubeIDE_1.16.1/STM32CubeIDE/plugins/com.st.stm32cube.ide.mcu.externaltools.gnu-tools-for-stm32.12.3.rel1.win32_1.0.200.202406191623/tools/bin/../lib/gcc/arm-none-eabi/12.3.1/thumb/v7-m/nofp\libgcc.a

.debug_info     0x00000000    0x139a4
 .debug_info    0x00000000     0x13f6 ./Core/Src/main.o
 .debug_info    0x000013f6      0xd6b ./Core/Src/stm32f1xx_hal_msp.o
 .debug_info    0x00002161      0xba6 ./Core/Src/stm32f1xx_it.o
 .debug_info    0x00002d07      0x168 ./Core/Src/sysmem.o
 .debug_info    0x00002e6f      0x222 ./Core/Src/system_stm32f1xx.o
 .debug_info    0x00003091       0x30 ./Core/Startup/startup_stm32f103c8tx.o
 .debug_info    0x000030c1      0x704 ./Drivers/STM32F1xx_HAL_Driver/Src/stm32f1xx_hal.o
 .debug_info    0x000037c5      0xc50 ./Drivers/STM32F1xx_HAL_Driver/Src/stm32f1xx_hal_adc.o
 .debug_info    0x00004415      0xa10 ./Drivers/STM32F1xx_HAL_Driver/Src/stm32f1xx_hal_adc_ex.o
 .debug_info    0x00004e25      0xa87 ./Drivers/STM32F1xx_HAL_Driver/Src/stm32f1xx_hal_cortex.o
 .debug_info    0x000058ac      0x6d2 ./Drivers/STM32F1xx_HAL_Driver/Src/stm32f1xx_hal_dma.o
 .debug_info    0x00005f7e      0x5ab ./Drivers/STM32F1xx_HAL_Driver/Src/stm32f1xx_hal_gpio.o
 .debug_info    0x00006529     0x16dc ./Drivers/STM32F1xx_HAL_Driver/Src/stm32f1xx_hal_pcd.o
 .debug_info    0x00007c05      0x6c3 ./Drivers/STM32F1xx_HAL_Driver/Src/stm32f1xx_hal_pcd_ex.o
 .debug_info    0x000082c8      0x7d5 ./Drivers/STM32F1xx_HAL_Driver/Src/stm32f1xx_hal_rcc.o
 .debug_info    0x00008a9d      0x3c0 ./Drivers/STM32F1xx_HAL_Driver/Src/stm32f1xx_hal_rcc_ex.o
 .debug_info    0x00008e5d     0x2959 ./Drivers/STM32F1xx_HAL_Driver/Src/stm32f1xx_hal_tim.o
 .debug_info    0x0000b7b6     0x149b ./Drivers/STM32F1xx_HAL_Driver/Src/stm32f1xx_hal_tim_ex.o
 .debug_info    0x0000cc51     0x17ae ./Drivers/STM32F1xx_HAL_Driver/Src/stm32f1xx_ll_usb.o
 .debug_info    0x0000e3ff     0x1043 ./Middlewares/ST/STM32_USB_Device_Library/Class/CDC/Src/usbd_cdc.o
 .debug_info    0x0000f442      0xa52 ./Middlewares/ST/STM32_USB_Device_Library/Core/Src/usbd_core.o
 .debug_info    0x0000fe94      0x91c ./Middlewares/ST/STM32_USB_Device_Library/Core/Src/usbd_ctlreq.o
 .debug_info    0x000107b0      0x6a0 ./Middlewares/ST/STM32_USB_Device_Library/Core/Src/usbd_ioreq.o
 .debug_info    0x00010e50      0x63d ./USB_DEVICE/App/usb_device.o
 .debug_info    0x0001148d      0x869 ./USB_DEVICE/App/usbd_cdc_if.o
 .debug_info    0x00011cf6      0x44a ./USB_DEVICE/App/usbd_desc.o
 .debug_info    0x00012140     0x1864 ./USB_DEVICE/Target/usbd_conf.o

.debug_abbrev   0x00000000     0x37d1
 .debug_abbrev  0x00000000      0x302 ./Core/Src/main.o
 .debug_abbrev  0x00000302      0x215 ./Core/Src/stm32f1xx_hal_msp.o
 .debug_abbrev  0x00000517      0x1c6 ./Core/Src/stm32f1xx_it.o
 .debug_abbrev  0x000006dd       0xbc ./Core/Src/sysmem.o
 .debug_abbrev  0x00000799      0x13f ./Core/Src/system_stm32f1xx.o
 .debug_abbrev  0x000008d8       0x24 ./Core/Startup/startup_stm32f103c8tx.o
 .debug_abbrev  0x000008fc      0x201 ./Drivers/STM32F1xx_HAL_Driver/Src/stm32f1xx_hal.o
 .debug_abbrev  0x00000afd      0x225 ./Drivers/STM32F1xx_HAL_Driver/Src/stm32f1xx_hal_adc.o
 .debug_abbrev  0x00000d22      0x249 ./Drivers/STM32F1xx_HAL_Driver/Src/stm32f1xx_hal_adc_ex.o
 .debug_abbrev  0x00000f6b      0x2f8 ./Drivers/STM32F1xx_HAL_Driver/Src/stm32f1xx_hal_cortex.o
 .debug_abbrev  0x00001263      0x20b ./Drivers/STM32F1xx_HAL_Driver/Src/stm32f1xx_hal_dma.o
 .debug_abbrev  0x0000146e      0x1ca ./Drivers/STM32F1xx_HAL_Driver/Src/stm32f1xx_hal_gpio.o
 .debug_abbrev  0x00001638      0x2d6 ./Drivers/STM32F1xx_HAL_Driver/Src/stm32f1xx_hal_pcd.o
 .debug_abbrev  0x0000190e      0x189 ./Drivers/STM32F1xx_HAL_Driver/Src/stm32f1xx_hal_pcd_ex.o
 .debug_abbrev  0x00001a97      0x2b3 ./Drivers/STM32F1xx_HAL_Driver/Src/stm32f1xx_hal_rcc.o
 .debug_abbrev  0x00001d4a      0x188 ./Drivers/STM32F1xx_HAL_Driver/Src/stm32f1xx_hal_rcc_ex.o
 .debug_abbrev  0x00001ed2      0x277 ./Drivers/STM32F1xx_HAL_Driver/Src/stm32f1xx_hal_tim.o
 .debug_abbrev  0x00002149      0x282 ./Drivers/STM32F1xx_HAL_Driver/Src/stm32f1xx_hal_tim_ex.o
 .debug_abbrev  0x000023cb      0x1de ./Drivers/STM32F1xx_HAL_Driver/Src/stm32f1xx_ll_usb.o
 .debug_abbrev  0x000025a9      0x2d3 ./Middlewares/ST/STM32_USB_Device_Library/Class/CDC/Src/usbd_cdc.o
 .debug_abbrev  0x0000287c      0x24a ./Middlewares/ST/STM32_USB_Device_Library/Core/Src/usbd_core.o
 .debug_abbrev  0x00002ac6      0x26b ./Middlewares/ST/STM32_USB_Device_Library/Core/Src/usbd_ctlreq.o
 .debug_abbrev  0x00002d31      0x192 ./Middlewares/ST/STM32_USB_Device_Library/Core/Src/usbd_ioreq.o
 .debug_abbrev  0x00002ec3      0x18d ./USB_DEVICE/App/usb_device.o
 .debug_abbrev  0x00003050      0x26c ./USB_DEVICE/App/usbd_cdc_if.o
 .debug_abbrev  0x000032bc      0x1ff ./USB_DEVICE/App/usbd_desc.o
 .debug_abbrev  0x000034bb      0x316 ./USB_DEVICE/Target/usbd_conf.o

.debug_aranges  0x00000000     0x1218
 .debug_aranges
                0x00000000       0x68 ./Core/Src/main.o
 .debug_aranges
                0x00000068       0x40 ./Core/Src/stm32f1xx_hal_msp.o
 .debug_aranges
                0x000000a8       0x78 ./Core/Src/stm32f1xx_it.o
 .debug_aranges
                0x00000120       0x20 ./Core/Src/sysmem.o
 .debug_aranges
                0x00000140       0x28 ./Core/Src/system_stm32f1xx.o
 .debug_aranges
                0x00000168       0x28 ./Core/Startup/startup_stm32f103c8tx.o
 .debug_aranges
                0x00000190       0xe0 ./Drivers/STM32F1xx_HAL_Driver/Src/stm32f1xx_hal.o
 .debug_aranges
                0x00000270       0xf0 ./Drivers/STM32F1xx_HAL_Driver/Src/stm32f1xx_hal_adc.o
 .debug_aranges
                0x00000360       0x80 ./Drivers/STM32F1xx_HAL_Driver/Src/stm32f1xx_hal_adc_ex.o
 .debug_aranges
                0x000003e0      0x100 ./Drivers/STM32F1xx_HAL_Driver/Src/stm32f1xx_hal_cortex.o
 .debug_aranges
                0x000004e0       0x80 ./Drivers/STM32F1xx_HAL_Driver/Src/stm32f1xx_hal_dma.o
 .debug_aranges
                0x00000560       0x58 ./Drivers/STM32F1xx_HAL_Driver/Src/stm32f1xx_hal_gpio.o
 .debug_aranges
                0x000005b8      0x140 ./Drivers/STM32F1xx_HAL_Driver/Src/stm32f1xx_hal_pcd.o
 .debug_aranges
                0x000006f8       0x38 ./Drivers/STM32F1xx_HAL_Driver/Src/stm32f1xx_hal_pcd_ex.o
 .debug_aranges
                0x00000730       0x90 ./Drivers/STM32F1xx_HAL_Driver/Src/stm32f1xx_hal_rcc.o
 .debug_aranges
                0x000007c0       0x30 ./Drivers/STM32F1xx_HAL_Driver/Src/stm32f1xx_hal_rcc_ex.o
 .debug_aranges
                0x000007f0      0x3d0 ./Drivers/STM32F1xx_HAL_Driver/Src/stm32f1xx_hal_tim.o
 .debug_aranges
                0x00000bc0      0x168 ./Drivers/STM32F1xx_HAL_Driver/Src/stm32f1xx_hal_tim_ex.o
 .debug_aranges
                0x00000d28       0xf8 ./Drivers/STM32F1xx_HAL_Driver/Src/stm32f1xx_ll_usb.o
 .debug_aranges
                0x00000e20       0x90 ./Middlewares/ST/STM32_USB_Device_Library/Class/CDC/Src/usbd_cdc.o
 .debug_aranges
                0x00000eb0       0xb8 ./Middlewares/ST/STM32_USB_Device_Library/Core/Src/usbd_core.o
 .debug_aranges
                0x00000f68       0x88 ./Middlewares/ST/STM32_USB_Device_Library/Core/Src/usbd_ctlreq.o
 .debug_aranges
                0x00000ff0       0x50 ./Middlewares/ST/STM32_USB_Device_Library/Core/Src/usbd_ioreq.o
 .debug_aranges
                0x00001040       0x20 ./USB_DEVICE/App/usb_device.o
 .debug_aranges
                0x00001060       0x40 ./USB_DEVICE/App/usbd_cdc_if.o
 .debug_aranges
                0x000010a0       0x60 ./USB_DEVICE/App/usbd_desc.o
 .debug_aranges
                0x00001100      0x118 ./USB_DEVICE/Target/usbd_conf.o

.debug_rnglists
                0x00000000      0xdbc
 .debug_rnglists
                0x00000000       0x4e ./Core/Src/main.o
 .debug_rnglists
                0x0000004e       0x2c ./Core/Src/stm32f1xx_hal_msp.o
 .debug_rnglists
                0x0000007a       0x55 ./Core/Src/stm32f1xx_it.o
 .debug_rnglists
                0x000000cf       0x13 ./Core/Src/sysmem.o
 .debug_rnglists
                0x000000e2       0x1a ./Core/Src/system_stm32f1xx.o
 .debug_rnglists
                0x000000fc       0x19 ./Core/Startup/startup_stm32f103c8tx.o
 .debug_rnglists
                0x00000115       0xa3 ./Drivers/STM32F1xx_HAL_Driver/Src/stm32f1xx_hal.o
 .debug_rnglists
                0x000001b8       0xbc ./Drivers/STM32F1xx_HAL_Driver/Src/stm32f1xx_hal_adc.o
 .debug_rnglists
                0x00000274       0x65 ./Drivers/STM32F1xx_HAL_Driver/Src/stm32f1xx_hal_adc_ex.o
 .debug_rnglists
                0x000002d9       0xbb ./Drivers/STM32F1xx_HAL_Driver/Src/stm32f1xx_hal_cortex.o
 .debug_rnglists
                0x00000394       0x64 ./Drivers/STM32F1xx_HAL_Driver/Src/stm32f1xx_hal_dma.o
 .debug_rnglists
                0x000003f8       0x3f ./Drivers/STM32F1xx_HAL_Driver/Src/stm32f1xx_hal_gpio.o
 .debug_rnglists
                0x00000437       0xf4 ./Drivers/STM32F1xx_HAL_Driver/Src/stm32f1xx_hal_pcd.o
 .debug_rnglists
                0x0000052b       0x26 ./Drivers/STM32F1xx_HAL_Driver/Src/stm32f1xx_hal_pcd_ex.o
 .debug_rnglists
                0x00000551       0x6c ./Drivers/STM32F1xx_HAL_Driver/Src/stm32f1xx_hal_rcc.o
 .debug_rnglists
                0x000005bd       0x21 ./Drivers/STM32F1xx_HAL_Driver/Src/stm32f1xx_hal_rcc_ex.o
 .debug_rnglists
                0x000005de      0x31a ./Drivers/STM32F1xx_HAL_Driver/Src/stm32f1xx_hal_tim.o
 .debug_rnglists
                0x000008f8      0x125 ./Drivers/STM32F1xx_HAL_Driver/Src/stm32f1xx_hal_tim_ex.o
 .debug_rnglists
                0x00000a1d       0xbd ./Drivers/STM32F1xx_HAL_Driver/Src/stm32f1xx_ll_usb.o
 .debug_rnglists
                0x00000ada       0x6a ./Middlewares/ST/STM32_USB_Device_Library/Class/CDC/Src/usbd_cdc.o
 .debug_rnglists
                0x00000b44       0x89 ./Middlewares/ST/STM32_USB_Device_Library/Core/Src/usbd_core.o
 .debug_rnglists
                0x00000bcd       0x68 ./Middlewares/ST/STM32_USB_Device_Library/Core/Src/usbd_ctlreq.o
 .debug_rnglists
                0x00000c35       0x37 ./Middlewares/ST/STM32_USB_Device_Library/Core/Src/usbd_ioreq.o
 .debug_rnglists
                0x00000c6c       0x13 ./USB_DEVICE/App/usb_device.o
 .debug_rnglists
                0x00000c7f       0x2c ./USB_DEVICE/App/usbd_cdc_if.o
 .debug_rnglists
                0x00000cab       0x43 ./USB_DEVICE/App/usbd_desc.o
 .debug_rnglists
                0x00000cee       0xce ./USB_DEVICE/Target/usbd_conf.o

.debug_macro    0x00000000    0x1af5e
 .debug_macro   0x00000000      0x389 ./Core/Src/main.o
 .debug_macro   0x00000389      0xaa8 ./Core/Src/main.o
 .debug_macro   0x00000e31      0x227 ./Core/Src/main.o
 .debug_macro   0x00001058       0x2e ./Core/Src/main.o
 .debug_macro   0x00001086       0x22 ./Core/Src/main.o
 .debug_macro   0x000010a8       0x22 ./Core/Src/main.o
 .debug_macro   0x000010ca       0x8e ./Core/Src/main.o
 .debug_macro   0x00001158       0x51 ./Core/Src/main.o
 .debug_macro   0x000011a9      0x103 ./Core/Src/main.o
 .debug_macro   0x000012ac       0x6a ./Core/Src/main.o
 .debug_macro   0x00001316      0x1df ./Core/Src/main.o
 .debug_macro   0x000014f5       0x1c ./Core/Src/main.o
 .debug_macro   0x00001511       0x22 ./Core/Src/main.o
 .debug_macro   0x00001533       0xbd ./Core/Src/main.o
 .debug_macro   0x000015f0      0xd23 ./Core/Src/main.o
 .debug_macro   0x00002313     0xe09e ./Core/Src/main.o
 .debug_macro   0x000103b1       0x6d ./Core/Src/main.o
 .debug_macro   0x0001041e     0x34a2 ./Core/Src/main.o
 .debug_macro   0x000138c0      0x189 ./Core/Src/main.o
 .debug_macro   0x00013a49       0x5c ./Core/Src/main.o
 .debug_macro   0x00013aa5      0x5bc ./Core/Src/main.o
 .debug_macro   0x00014061      0x289 ./Core/Src/main.o
 .debug_macro   0x000142ea      0x1cb ./Core/Src/main.o
 .debug_macro   0x000144b5      0x114 ./Core/Src/main.o
 .debug_macro   0x000145c9      0x1b2 ./Core/Src/main.o
 .debug_macro   0x0001477b       0x27 ./Core/Src/main.o
 .debug_macro   0x000147a2      0x136 ./Core/Src/main.o
 .debug_macro   0x000148d8      0x1bc ./Core/Src/main.o
 .debug_macro   0x00014a94       0x34 ./Core/Src/main.o
 .debug_macro   0x00014ac8       0x3c ./Core/Src/main.o
 .debug_macro   0x00014b04       0x57 ./Core/Src/main.o
 .debug_macro   0x00014b5b      0x46a ./Core/Src/main.o
 .debug_macro   0x00014fc5      0x1b5 ./Core/Src/main.o
 .debug_macro   0x0001517a       0x87 ./Core/Src/main.o
 .debug_macro   0x00015201      0x240 ./Core/Src/main.o
 .debug_macro   0x00015441      0x140 ./Core/Src/main.o
 .debug_macro   0x00015581      0x8ed ./Core/Src/main.o
 .debug_macro   0x00015e6e       0xb7 ./Core/Src/main.o
 .debug_macro   0x00015f25      0x242 ./Core/Src/main.o
 .debug_macro   0x00016167       0x83 ./Core/Src/main.o
 .debug_macro   0x000161ea       0x61 ./Core/Src/main.o
 .debug_macro   0x0001624b       0x24 ./Core/Src/main.o
 .debug_macro   0x0001626f       0x43 ./Core/Src/main.o
 .debug_macro   0x000162b2       0x34 ./Core/Src/main.o
 .debug_macro   0x000162e6       0x16 ./Core/Src/main.o
 .debug_macro   0x000162fc       0x35 ./Core/Src/main.o
 .debug_macro   0x00016331      0x369 ./Core/Src/main.o
 .debug_macro   0x0001669a       0x10 ./Core/Src/main.o
 .debug_macro   0x000166aa       0x16 ./Core/Src/main.o
 .debug_macro   0x000166c0       0x43 ./Core/Src/main.o
 .debug_macro   0x00016703       0x34 ./Core/Src/main.o
 .debug_macro   0x00016737       0x10 ./Core/Src/main.o
 .debug_macro   0x00016747       0x58 ./Core/Src/main.o
 .debug_macro   0x0001679f       0x8e ./Core/Src/main.o
 .debug_macro   0x0001682d       0x1c ./Core/Src/main.o
 .debug_macro   0x00016849      0x177 ./Core/Src/main.o
 .debug_macro   0x000169c0       0x16 ./Core/Src/main.o
 .debug_macro   0x000169d6       0x16 ./Core/Src/main.o
 .debug_macro   0x000169ec      0x146 ./Core/Src/main.o
 .debug_macro   0x00016b32       0x16 ./Core/Src/main.o
 .debug_macro   0x00016b48       0x16 ./Core/Src/main.o
 .debug_macro   0x00016b5e       0x29 ./Core/Src/main.o
 .debug_macro   0x00016b87       0x16 ./Core/Src/main.o
 .debug_macro   0x00016b9d       0x20 ./Core/Src/main.o
 .debug_macro   0x00016bbd       0x5f ./Core/Src/main.o
 .debug_macro   0x00016c1c      0x1c8 ./Core/Src/main.o
 .debug_macro   0x00016de4       0x8f ./Core/Src/main.o
 .debug_macro   0x00016e73       0x10 ./Core/Src/main.o
 .debug_macro   0x00016e83      0x1db ./Core/Src/stm32f1xx_hal_msp.o
 .debug_macro   0x0001705e      0x1e5 ./Core/Src/stm32f1xx_it.o
 .debug_macro   0x00017243       0xff ./Core/Src/sysmem.o
 .debug_macro   0x00017342      0x23c ./Core/Src/sysmem.o
 .debug_macro   0x0001757e      0x1d1 ./Core/Src/system_stm32f1xx.o
 .debug_macro   0x0001774f      0x1f5 ./Drivers/STM32F1xx_HAL_Driver/Src/stm32f1xx_hal.o
 .debug_macro   0x00017944      0x1ee ./Drivers/STM32F1xx_HAL_Driver/Src/stm32f1xx_hal_adc.o
 .debug_macro   0x00017b32      0x1e3 ./Drivers/STM32F1xx_HAL_Driver/Src/stm32f1xx_hal_adc_ex.o
 .debug_macro   0x00017d15      0x1d1 ./Drivers/STM32F1xx_HAL_Driver/Src/stm32f1xx_hal_cortex.o
 .debug_macro   0x00017ee6      0x1d1 ./Drivers/STM32F1xx_HAL_Driver/Src/stm32f1xx_hal_dma.o
 .debug_macro   0x000180b7      0x23c ./Drivers/STM32F1xx_HAL_Driver/Src/stm32f1xx_hal_gpio.o
 .debug_macro   0x000182f3      0x1dd ./Drivers/STM32F1xx_HAL_Driver/Src/stm32f1xx_hal_pcd.o
 .debug_macro   0x000184d0      0x1d1 ./Drivers/STM32F1xx_HAL_Driver/Src/stm32f1xx_hal_pcd_ex.o
 .debug_macro   0x000186a1      0x1e3 ./Drivers/STM32F1xx_HAL_Driver/Src/stm32f1xx_hal_rcc.o
 .debug_macro   0x00018884      0x1d1 ./Drivers/STM32F1xx_HAL_Driver/Src/stm32f1xx_hal_rcc_ex.o
 .debug_macro   0x00018a55      0x1d2 ./Drivers/STM32F1xx_HAL_Driver/Src/stm32f1xx_hal_tim.o