../Core/Src/main.c:85:5:main	8	static
../Core/Src/main.c:166:6:SystemClock_Config	88	static
../Core/Src/main.c:214:13:MX_ADC1_Init	24	static
../Core/Src/main.c:261:13:MX_TIM2_Init	32	static
../Core/Src/main.c:306:13:MX_TIM3_Init	32	static
../Core/Src/main.c:349:13:MX_DMA_Init	16	static
../Core/Src/main.c:367:13:MX_GPIO_Init	40	static
../Core/Src/main.c:393:6:HAL_TIM_PeriodElapsedCallback	24	static
../Core/Src/main.c:418:6:HAL_ADC_ConvCpltCallback	24	static
../Core/Src/main.c:434:6:Error_Handler	4	static,ignoring_inline_asm
